Waiting for workers to connect... 185/448
Waiting for workers to connect... 206/448
Waiting for workers to connect... 227/448
Waiting for workers to connect... 245/448
Waiting for workers to connect... 262/448
Waiting for workers to connect... 279/448
Waiting for workers to connect... 296/448
Waiting for workers to connect... 322/448
Waiting for workers to connect... 342/448
Waiting for workers to connect... 358/448
Waiting for workers to connect... 375/448
Waiting for workers to connect... 390/448
Waiting for workers to connect... 404/448
Waiting for workers to connect... 423/448
Waiting for workers to connect... 448/448
INFO  [19:38:45.275] [bbotk] Starting to optimize 8 parameter(s) with '<OptimizerBatchRandomSearch>' and '<TerminatorEvals> [n_evals=100, k=0]'
INFO  [19:38:45.398] [bbotk] Evaluating 100 configuration(s)
INFO  [19:38:45.673] [mlr3] Running benchmark with 1000 resampling iterations
INFO  [19:39:36.179] [mlr3] Finished benchmark
INFO  [19:39:39.749] [bbotk] Result of batch 1:
INFO  [19:39:39.762] [bbotk]  learning_rate num_leaves min_data_in_leaf feature_fraction extra_trees
INFO  [19:39:39.762] [bbotk]   -1.182083754         18              165        0.7234532        TRUE
INFO  [19:39:39.762] [bbotk]   -3.024163690         96               88        0.7438358       FALSE
INFO  [19:39:39.762] [bbotk]   -6.753419993        108               64        0.3415118        TRUE
INFO  [19:39:39.762] [bbotk]   -0.004090217        227              188        0.8867766       FALSE
INFO  [19:39:39.762] [bbotk]   -4.118829217         81              159        0.1611452       FALSE
INFO  [19:39:39.762] [bbotk]   -0.397188219         20              108        0.7647912       FALSE
INFO  [19:39:39.762] [bbotk]   -2.304955907         94              156        0.9258342        TRUE
INFO  [19:39:39.762] [bbotk]   -4.131058570        209              161        0.9534272       FALSE
INFO  [19:39:39.762] [bbotk]   -2.085199532         87               81        0.3070999        TRUE
INFO  [19:39:39.762] [bbotk]   -2.445164660        143              195        0.5117085        TRUE
INFO  [19:39:39.762] [bbotk]   -2.378495000        244               57        0.3797816       FALSE
INFO  [19:39:39.762] [bbotk]   -4.976123535         79              176        0.2039692        TRUE
INFO  [19:39:39.762] [bbotk]   -1.810780729        136               64        0.4520390        TRUE
INFO  [19:39:39.762] [bbotk]   -2.406077986         25               79        0.1569734       FALSE
INFO  [19:39:39.762] [bbotk]   -2.372053761         13               85        0.2766974       FALSE
INFO  [19:39:39.762] [bbotk]   -0.918616242         90              105        0.8979597       FALSE
INFO  [19:39:39.762] [bbotk]   -4.815933616         48              130        0.6430553        TRUE
INFO  [19:39:39.762] [bbotk]   -1.627740120        108              161        0.5123753        TRUE
INFO  [19:39:39.762] [bbotk]   -2.037460034        112              164        0.9116488       FALSE
INFO  [19:39:39.762] [bbotk]   -2.145920864         60              176        0.8765557        TRUE
INFO  [19:39:39.762] [bbotk]   -2.115222551         69              183        0.4004296        TRUE
INFO  [19:39:39.762] [bbotk]   -4.607863968         99               31        0.9846979        TRUE
INFO  [19:39:39.762] [bbotk]   -4.005061978         22              102        0.6210455       FALSE
INFO  [19:39:39.762] [bbotk]   -4.319535205         82              162        0.1887441       FALSE
INFO  [19:39:39.762] [bbotk]   -5.740350530         94              179        0.9059902        TRUE
INFO  [19:39:39.762] [bbotk]   -4.712475587        129              118        0.5642968       FALSE
INFO  [19:39:39.762] [bbotk]   -5.814705862        103                5        0.6647244       FALSE
INFO  [19:39:39.762] [bbotk]   -0.253156148        136              169        0.7794377        TRUE
INFO  [19:39:39.762] [bbotk]   -2.444797849        232              198        0.4764772       FALSE
INFO  [19:39:39.762] [bbotk]   -0.631572617        245              172        0.2706975        TRUE
INFO  [19:39:39.762] [bbotk]   -1.873302603         32               15        0.6273679       FALSE
INFO  [19:39:39.762] [bbotk]   -3.482493665        210               97        0.4102711        TRUE
INFO  [19:39:39.762] [bbotk]   -3.215809089        252              165        0.8749983       FALSE
INFO  [19:39:39.762] [bbotk]   -5.594823469        119              152        0.4716772       FALSE
INFO  [19:39:39.762] [bbotk]   -4.840901774         33               88        0.1402725        TRUE
INFO  [19:39:39.762] [bbotk]   -1.945805885        172               53        0.8582238       FALSE
INFO  [19:39:39.762] [bbotk]   -3.767454366         50              171        0.9038286       FALSE
INFO  [19:39:39.762] [bbotk]   -0.617122340        198              104        0.1137381        TRUE
INFO  [19:39:39.762] [bbotk]   -2.153713381        246               33        0.1334450       FALSE
INFO  [19:39:39.762] [bbotk]   -3.562658728        211              145        0.8502211        TRUE
INFO  [19:39:39.762] [bbotk]   -1.024393208         39               82        0.2533446        TRUE
INFO  [19:39:39.762] [bbotk]   -0.407724464         63              123        0.1956436        TRUE
INFO  [19:39:39.762] [bbotk]   -4.028216953        162              165        0.9543339       FALSE
INFO  [19:39:39.762] [bbotk]   -3.896438650        228              123        0.9155656        TRUE
INFO  [19:39:39.762] [bbotk]   -0.436691915         55               24        0.1264372       FALSE
INFO  [19:39:39.762] [bbotk]   -4.332431225        151               67        0.6309172        TRUE
INFO  [19:39:39.762] [bbotk]   -6.347834078        139               37        0.8659253       FALSE
INFO  [19:39:39.762] [bbotk]   -5.942221998        186               10        0.7972648        TRUE
INFO  [19:39:39.762] [bbotk]   -0.516704862        185              104        0.7475862        TRUE
INFO  [19:39:39.762] [bbotk]   -2.096555774         99               63        0.7207100        TRUE
INFO  [19:39:39.762] [bbotk]   -0.974440061        225               15        0.5694057        TRUE
INFO  [19:39:39.762] [bbotk]   -3.653146763        106               78        0.7640584        TRUE
INFO  [19:39:39.762] [bbotk]   -5.711919299         71              151        0.8393084        TRUE
INFO  [19:39:39.762] [bbotk]   -3.540073075        157              186        0.5184163       FALSE
INFO  [19:39:39.762] [bbotk]   -2.862437895        184              161        0.4327941       FALSE
INFO  [19:39:39.762] [bbotk]   -1.907297397        135              143        0.4121612        TRUE
INFO  [19:39:39.762] [bbotk]   -1.769490217         19              193        0.4898199       FALSE
INFO  [19:39:39.762] [bbotk]   -5.518599094        112               41        0.6278993       FALSE
INFO  [19:39:39.762] [bbotk]   -3.247652606         77              196        0.9328268       FALSE
INFO  [19:39:39.762] [bbotk]   -4.329134848        244              150        0.2729496        TRUE
INFO  [19:39:39.762] [bbotk]   -1.812091224        148              133        0.9989666       FALSE
INFO  [19:39:39.762] [bbotk]   -0.642099145         75               29        0.9439656       FALSE
INFO  [19:39:39.762] [bbotk]   -5.028139049        143               83        0.6757758        TRUE
INFO  [19:39:39.762] [bbotk]   -5.539873194        137               13        0.6288394       FALSE
INFO  [19:39:39.762] [bbotk]   -1.943750142        237               31        0.7884365       FALSE
INFO  [19:39:39.762] [bbotk]   -4.342022699        231               93        0.4827265       FALSE
INFO  [19:39:39.762] [bbotk]   -2.111105202        132               16        0.3220038        TRUE
INFO  [19:39:39.762] [bbotk]   -5.298469122         51               18        0.1230848       FALSE
INFO  [19:39:39.762] [bbotk]   -4.850080244         73              112        0.6478155       FALSE
INFO  [19:39:39.762] [bbotk]   -3.386659865        102              141        0.1734653       FALSE
INFO  [19:39:39.762] [bbotk]   -4.129365683         32              199        0.3562838        TRUE
INFO  [19:39:39.762] [bbotk]   -3.491923203        114               28        0.3108119       FALSE
INFO  [19:39:39.762] [bbotk]   -0.744834106        104               17        0.8836052       FALSE
INFO  [19:39:39.762] [bbotk]   -0.033026221         56              156        0.7409470        TRUE
INFO  [19:39:39.762] [bbotk]   -2.820697258         18               92        0.6753516        TRUE
INFO  [19:39:39.762] [bbotk]   -6.675250938        111              127        0.3360070        TRUE
INFO  [19:39:39.762] [bbotk]   -1.300790413         30              149        0.1906950        TRUE
INFO  [19:39:39.762] [bbotk]   -3.361850839         79               54        0.6897363       FALSE
INFO  [19:39:39.762] [bbotk]   -5.147083504         30               51        0.8566007       FALSE
INFO  [19:39:39.762] [bbotk]   -3.944615962        142              140        0.4035127        TRUE
INFO  [19:39:39.762] [bbotk]   -4.687467942        223               53        0.5840058        TRUE
INFO  [19:39:39.762] [bbotk]   -4.548516292         95              184        0.9805434        TRUE
INFO  [19:39:39.762] [bbotk]   -4.028050436        195                1        0.6789963       FALSE
INFO  [19:39:39.762] [bbotk]   -3.985711146        201              182        0.1056047        TRUE
INFO  [19:39:39.762] [bbotk]   -3.034823137         78               47        0.8914553       FALSE
INFO  [19:39:39.762] [bbotk]   -2.239928838        159               20        0.3442414        TRUE
INFO  [19:39:39.762] [bbotk]   -4.403309347        220              132        0.3698664        TRUE
INFO  [19:39:39.762] [bbotk]   -2.152943639         10               59        0.2775915        TRUE
INFO  [19:39:39.762] [bbotk]   -5.721624572         78              121        0.6860526       FALSE
INFO  [19:39:39.762] [bbotk]   -2.229440259        238               56        0.9194829       FALSE
INFO  [19:39:39.762] [bbotk]   -2.711305344         99               38        0.9378013        TRUE
INFO  [19:39:39.762] [bbotk]   -2.198005923        130               92        0.5803383        TRUE
INFO  [19:39:39.762] [bbotk]   -0.198296077        196                3        0.8266933        TRUE
INFO  [19:39:39.762] [bbotk]   -4.664221544         86              172        0.3983810        TRUE
INFO  [19:39:39.762] [bbotk]   -0.844692587        112                7        0.3206662       FALSE
INFO  [19:39:39.762] [bbotk]   -0.492267399        166              198        0.9237098        TRUE
INFO  [19:39:39.762] [bbotk]   -3.167645617        107               38        0.4493160       FALSE
INFO  [19:39:39.762] [bbotk]   -1.512914215         30               79        0.8571292       FALSE
INFO  [19:39:39.762] [bbotk]   -0.639268981        218                2        0.6790479       FALSE
INFO  [19:39:39.762] [bbotk]   -4.191061814        154               79        0.5844550        TRUE
INFO  [19:39:39.762] [bbotk]  learning_rate num_leaves min_data_in_leaf feature_fraction extra_trees
INFO  [19:39:39.762] [bbotk]    lambda_l1  lambda_l2 min_gain_to_split classif.ce warnings errors
INFO  [19:39:39.762] [bbotk]   4.59402658  3.3979572         -6.002228  0.1407396        0      0
INFO  [19:39:39.762] [bbotk]   1.75773912  3.2107238         -6.292287  0.1261415        0      0
INFO  [19:39:39.762] [bbotk]   3.92611672 -0.4436777         -5.998715  0.2392818        0      0
INFO  [19:39:39.762] [bbotk]   5.54002556 -3.6999444         -4.028776  0.1478031        0      0
INFO  [19:39:39.762] [bbotk]   6.80103612 -4.8909446         -4.168537  0.2392818        0      0
INFO  [19:39:39.762] [bbotk]   1.12442036  5.2841313         -6.303214  0.1267148        0      0
INFO  [19:39:39.762] [bbotk]  -4.56212617  5.7573346         -3.309445  0.1366038        0      0
INFO  [19:39:39.762] [bbotk]   2.20292622 -0.9580621         -6.288589  0.1273700        0      0
INFO  [19:39:39.762] [bbotk]  -5.17435639 -5.0405872         -2.498768  0.1358053        0      0
INFO  [19:39:39.762] [bbotk]   0.65341773 -5.4163263         -3.175190  0.1338808        0      0
INFO  [19:39:39.762] [bbotk]   0.80859893  4.7091883         -2.656884  0.1272880        0      0
INFO  [19:39:39.762] [bbotk]  -0.37863096 -1.4868177         -5.369952  0.2195254        0      0
INFO  [19:39:39.762] [bbotk]  -2.34467311 -0.2306405         -6.775670  0.1313010        0      0
INFO  [19:39:39.762] [bbotk]  -3.19955722 -2.8666442         -6.878924  0.1256297        0      0
INFO  [19:39:39.762] [bbotk]  -2.27158014 -4.7303556         -4.458268  0.1240941        0      0
INFO  [19:39:39.762] [bbotk]  -0.89287993  1.4782087         -6.600059  0.1275132        0      0
INFO  [19:39:39.762] [bbotk]   1.54861411  4.6519162         -6.338830  0.1403916        0      0
INFO  [19:39:39.762] [bbotk]  -0.44871297 -1.7326269         -2.927737  0.1326932        0      0
INFO  [19:39:39.762] [bbotk]   4.66857874  0.6177257         -6.796278  0.1350887        0      0
INFO  [19:39:39.762] [bbotk]  -3.03039322  0.6139495         -5.070705  0.1303796        0      0
INFO  [19:39:39.762] [bbotk]  -0.01053827  4.0097345         -4.809204  0.1338193        0      0
INFO  [19:39:39.762] [bbotk]  -3.17172245  4.8159437         -5.824463  0.1390197        0      0
INFO  [19:39:39.762] [bbotk]  -1.32428580  3.8886042         -6.700426  0.1274109        0      0
INFO  [19:39:39.762] [bbotk]   0.71432417  4.2645991         -2.552289  0.1348225        0      0
INFO  [19:39:39.762] [bbotk]  -3.45034026 -5.0367744         -2.826160  0.2392818        0      0
INFO  [19:39:39.762] [bbotk]   2.65930627 -3.6512163         -6.561361  0.1284141        0      0
INFO  [19:39:39.762] [bbotk]  -6.88359955 -1.5550585         -6.205661  0.2392818        0      0
INFO  [19:39:39.762] [bbotk]  -5.37656984  6.1130877         -3.300602  0.1341470        0      0
INFO  [19:39:39.762] [bbotk]  -5.50404316 -1.5049888         -2.850508  0.1267148        0      0
INFO  [19:39:39.762] [bbotk]   1.14083641 -5.1285144         -3.755631  0.1334713        0      0
INFO  [19:39:39.762] [bbotk]   1.39099070  5.9818715         -4.524322  0.1265715        0      0
INFO  [19:39:39.762] [bbotk]   4.91897470  1.5538928         -6.808150  0.1437083        0      0
INFO  [19:39:39.762] [bbotk]   2.39845862 -6.4349563         -2.914464  0.1269196        0      0
INFO  [19:39:39.762] [bbotk]  -2.46894950  5.2567549         -4.931523  0.2392818        0      0
INFO  [19:39:39.762] [bbotk]   6.62048787 -1.0101465         -3.397688  0.2392818        0      0
INFO  [19:39:39.762] [bbotk]  -5.31103382 -3.4818806         -5.282748  0.1265919        0      0
INFO  [19:39:39.762] [bbotk]   5.63898508  0.7413118         -6.167894  0.1421318        0      0
INFO  [19:39:39.762] [bbotk]   3.71404770 -5.1365348         -6.134453  0.1407397        0      0
INFO  [19:39:39.762] [bbotk]   0.18576423 -4.2716111         -6.259697  0.1273700        0      0
INFO  [19:39:39.762] [bbotk]  -6.05369378  2.5040606         -6.746916  0.1336556        0      0
INFO  [19:39:39.762] [bbotk]  -4.21109448 -6.1999562         -3.747427  0.1310553        0      0
INFO  [19:39:39.762] [bbotk]   4.20367487  6.1834454         -6.749375  0.1421319        0      0
INFO  [19:39:39.762] [bbotk]  -2.55957304 -5.2619669         -4.032074  0.1271038        0      0
INFO  [19:39:39.762] [bbotk]   3.37818009  4.1873756         -6.725580  0.1390198        0      0
INFO  [19:39:39.762] [bbotk]   5.35460958  6.8375714         -4.297768  0.1441998        0      0
INFO  [19:39:39.762] [bbotk]  -6.44082985 -0.5753696         -3.289488  0.1348634        0      0
INFO  [19:39:39.762] [bbotk]  -5.43805655  1.8595750         -3.552854  0.2392818        0      0
INFO  [19:39:39.762] [bbotk]  -3.95823561  5.2869531         -2.404327  0.2392818        0      0
INFO  [19:39:39.762] [bbotk]   5.77001599  4.5794388         -5.630063  0.1494820        0      0
INFO  [19:39:39.762] [bbotk]   0.63055480  5.0821306         -4.195469  0.1346997        0      0
INFO  [19:39:39.762] [bbotk]   2.46415769 -6.3425702         -5.563356  0.1324475        0      0
INFO  [19:39:39.762] [bbotk]  -2.68193489 -2.7728179         -3.096267  0.1335327        0      0
INFO  [19:39:39.762] [bbotk]   1.05658272  1.7445716         -2.612751  0.2392818        0      0
INFO  [19:39:39.762] [bbotk]  -0.02711182 -1.1390306         -4.643333  0.1267557        0      0
INFO  [19:39:39.762] [bbotk]  -1.22413938 -2.7012394         -6.749888  0.1263667        0      0
INFO  [19:39:39.762] [bbotk]  -4.28590984 -0.7764654         -4.488823  0.1318128        0      0
INFO  [19:39:39.762] [bbotk]   1.56035053 -4.1278789         -5.498598  0.1248926        0      0
INFO  [19:39:39.762] [bbotk]   0.08015420  5.5728021         -6.118705  0.2392818        0      0
INFO  [19:39:39.762] [bbotk]  -2.65398011  5.5380332         -5.964561  0.1280251        0      0
INFO  [19:39:39.762] [bbotk]   5.15779802 -5.0525231         -2.694315  0.1491749        0      0
INFO  [19:39:39.762] [bbotk]   2.40840150  6.4608749         -4.236302  0.1286189        0      0
INFO  [19:39:39.762] [bbotk]   6.04701522 -0.1953917         -6.314797  0.1471070        0      0
INFO  [19:39:39.762] [bbotk]   4.51338562 -3.4372641         -2.381301  0.2111286        0      0
INFO  [19:39:39.762] [bbotk]   6.63071130 -6.7910951         -5.260730  0.2392818        0      0
INFO  [19:39:39.762] [bbotk]  -4.20940179  0.7046624         -6.211166  0.1268581        0      0
INFO  [19:39:39.762] [bbotk]   2.73820793 -2.0262948         -6.421774  0.1279841        0      0
INFO  [19:39:39.762] [bbotk]  -1.02867432 -0.1826292         -3.236719  0.1323452        0      0
INFO  [19:39:39.762] [bbotk]  -3.68361116  4.4676852         -4.707946  0.2392818        0      0
INFO  [19:39:39.762] [bbotk]  -4.56890843  3.4370473         -4.439665  0.1282913        0      0
INFO  [19:39:39.762] [bbotk]  -6.31979841 -6.4082102         -6.296748  0.1288851        0      0
INFO  [19:39:39.762] [bbotk]   2.76749113  0.6460652         -4.364780  0.1395931        0      0
INFO  [19:39:39.762] [bbotk]   4.37546565  1.7431967         -4.471965  0.1361329        0      0
INFO  [19:39:39.762] [bbotk]  -2.02918595  2.1899289         -5.972240  0.1267353        0      0
INFO  [19:39:39.762] [bbotk]   2.93513264  5.9340038         -2.651955  0.1382418        0      0
INFO  [19:39:39.762] [bbotk]   1.67144624  3.1731208         -3.706088  0.1346587        0      0
INFO  [19:39:39.762] [bbotk]  -1.17190097  0.4696380         -4.664436  0.2392818        0      0
INFO  [19:39:39.762] [bbotk]  -2.20380786 -4.4917334         -6.155893  0.1323246        0      0
INFO  [19:39:39.762] [bbotk]   3.30314358  5.8809849         -3.276828  0.1337578        0      0
INFO  [19:39:39.762] [bbotk]  -4.88994616  0.7397483         -5.592062  0.1287007        0      0
INFO  [19:39:39.762] [bbotk]   3.26129316  5.3858799         -6.322054  0.1406168        0      0
INFO  [19:39:39.762] [bbotk]  -1.53164279  1.9809603         -4.212064  0.1368699        0      0
INFO  [19:39:39.762] [bbotk]   4.72370152 -1.2537933         -6.110496  0.1438516        0      0
INFO  [19:39:39.762] [bbotk]   5.81424983  4.0107697         -4.342273  0.1432783        0      0
INFO  [19:39:39.762] [bbotk]  -1.20454583  1.6644592         -3.366580  0.1473527        0      0
INFO  [19:39:39.762] [bbotk]  -3.95314610 -2.6692001         -4.439330  0.1253226        0      0
INFO  [19:39:39.762] [bbotk]   0.96630335 -2.0822311         -5.950571  0.1312396        0      0
INFO  [19:39:39.762] [bbotk]   6.62831908  1.4934116         -5.308773  0.2392818        0      0
INFO  [19:39:39.762] [bbotk]  -2.89551749 -6.8249032         -6.527941  0.1327547        0      0
INFO  [19:39:39.762] [bbotk]  -5.54520218 -1.5309908         -5.130376  0.2392818        0      0
INFO  [19:39:39.762] [bbotk]  -5.98019299 -2.1188955         -6.591501  0.1270628        0      0
INFO  [19:39:39.762] [bbotk]   3.24027145 -3.5510335         -6.757988  0.1359077        0      0
INFO  [19:39:39.762] [bbotk]   5.93994764 -4.1267436         -2.464085  0.1511814        0      0
INFO  [19:39:39.762] [bbotk]   4.74346130 -6.3785311         -5.513789  0.1441383        0      0
INFO  [19:39:39.762] [bbotk]   3.61135968  1.4997694         -4.668412  0.1428894        0      0
INFO  [19:39:39.762] [bbotk]   1.33031114  0.9370802         -5.575166  0.1262234        0      0
INFO  [19:39:39.762] [bbotk]  -0.61316164  2.5107104         -6.371828  0.1320789        0      0
INFO  [19:39:39.762] [bbotk]   3.52465700 -5.3022119         -5.710758  0.1306663        0      0
INFO  [19:39:39.762] [bbotk]   6.60789032  4.5183438         -4.175815  0.1601491        0      0
INFO  [19:39:39.762] [bbotk]  -2.61239350  0.9465817         -6.203244  0.1301749        0      0
INFO  [19:39:39.762] [bbotk]   4.03605293 -5.1782617         -3.331620  0.1416813        0      0
INFO  [19:39:39.762] [bbotk]    lambda_l1  lambda_l2 min_gain_to_split classif.ce warnings errors
INFO  [19:39:39.762] [bbotk]  runtime_learners internal_tuned_values
INFO  [19:39:39.762] [bbotk]             5.031     num_iterations=99
INFO  [19:39:39.762] [bbotk]            19.067    num_iterations=206
INFO  [19:39:39.762] [bbotk]             4.823      num_iterations=1
INFO  [19:39:39.762] [bbotk]             3.032      num_iterations=6
INFO  [19:39:39.762] [bbotk]             3.849      num_iterations=1
INFO  [19:39:39.762] [bbotk]             7.957     num_iterations=76
INFO  [19:39:39.762] [bbotk]            13.131    num_iterations=211
INFO  [19:39:39.762] [bbotk]            32.120    num_iterations=430
INFO  [19:39:39.762] [bbotk]             9.875    num_iterations=155
INFO  [19:39:39.762] [bbotk]            15.118    num_iterations=274
INFO  [19:39:39.762] [bbotk]            18.133    num_iterations=248
INFO  [19:39:39.762] [bbotk]            13.905    num_iterations=243
INFO  [19:39:39.762] [bbotk]            17.171    num_iterations=212
INFO  [19:39:39.762] [bbotk]            13.984    num_iterations=259
INFO  [19:39:39.762] [bbotk]            13.083    num_iterations=256
INFO  [19:39:39.762] [bbotk]             7.845     num_iterations=18
INFO  [19:39:39.762] [bbotk]            30.539    num_iterations=645
INFO  [19:39:39.762] [bbotk]            11.487    num_iterations=211
INFO  [19:39:39.762] [bbotk]             4.886     num_iterations=52
INFO  [19:39:39.762] [bbotk]            21.630    num_iterations=304
INFO  [19:39:39.762] [bbotk]            16.289    num_iterations=270
INFO  [19:39:39.762] [bbotk]            25.327    num_iterations=462
INFO  [19:39:39.762] [bbotk]            26.907    num_iterations=513
INFO  [19:39:39.762] [bbotk]            29.133    num_iterations=600
INFO  [19:39:39.762] [bbotk]             5.817      num_iterations=1
INFO  [19:39:39.762] [bbotk]            37.163    num_iterations=581
INFO  [19:39:39.762] [bbotk]             7.096      num_iterations=1
INFO  [19:39:39.762] [bbotk]             9.959    num_iterations=227
INFO  [19:39:39.762] [bbotk]            15.892    num_iterations=105
INFO  [19:39:39.762] [bbotk]            11.571    num_iterations=312
INFO  [19:39:39.762] [bbotk]            18.369    num_iterations=269
INFO  [19:39:39.762] [bbotk]            17.372    num_iterations=444
INFO  [19:39:39.762] [bbotk]            15.236    num_iterations=195
INFO  [19:39:39.762] [bbotk]             5.373      num_iterations=1
INFO  [19:39:39.762] [bbotk]             3.818      num_iterations=1
INFO  [19:39:39.762] [bbotk]            10.062     num_iterations=39
INFO  [19:39:39.762] [bbotk]            10.500    num_iterations=234
INFO  [19:39:39.762] [bbotk]             6.271    num_iterations=122
INFO  [19:39:39.762] [bbotk]            13.112    num_iterations=164
INFO  [19:39:39.762] [bbotk]            27.367    num_iterations=391
INFO  [19:39:39.762] [bbotk]            13.549    num_iterations=312
INFO  [19:39:39.762] [bbotk]             7.024    num_iterations=149
INFO  [19:39:39.762] [bbotk]            33.649    num_iterations=318
INFO  [19:39:39.762] [bbotk]            17.063    num_iterations=354
INFO  [19:39:39.762] [bbotk]             6.572    num_iterations=155
INFO  [19:39:39.762] [bbotk]            30.089    num_iterations=461
INFO  [19:39:39.762] [bbotk]             6.582      num_iterations=1
INFO  [19:39:39.762] [bbotk]             4.133      num_iterations=1
INFO  [19:39:39.762] [bbotk]             3.508     num_iterations=75
INFO  [19:39:39.762] [bbotk]            14.448    num_iterations=251
INFO  [19:39:39.762] [bbotk]             8.334    num_iterations=193
INFO  [19:39:39.762] [bbotk]            21.937    num_iterations=311
INFO  [19:39:39.762] [bbotk]             4.812      num_iterations=1
INFO  [19:39:39.762] [bbotk]            26.367    num_iterations=271
INFO  [19:39:39.762] [bbotk]            19.404    num_iterations=154
INFO  [19:39:39.762] [bbotk]            15.760    num_iterations=226
INFO  [19:39:39.762] [bbotk]            10.415    num_iterations=130
INFO  [19:39:39.762] [bbotk]             4.738      num_iterations=1
INFO  [19:39:39.762] [bbotk]            28.893    num_iterations=400
INFO  [19:39:39.762] [bbotk]            23.367    num_iterations=699
INFO  [19:39:39.762] [bbotk]            19.428    num_iterations=313
INFO  [19:39:39.762] [bbotk]             3.347     num_iterations=11
INFO  [19:39:39.762] [bbotk]            10.069    num_iterations=171
INFO  [19:39:39.762] [bbotk]             4.311      num_iterations=1
INFO  [19:39:39.762] [bbotk]            11.937     num_iterations=40
INFO  [19:39:39.762] [bbotk]            33.772    num_iterations=504
INFO  [19:39:39.762] [bbotk]            12.715    num_iterations=200
INFO  [19:39:39.762] [bbotk]             4.665      num_iterations=1
INFO  [19:39:39.762] [bbotk]            40.741    num_iterations=606
INFO  [19:39:39.762] [bbotk]            30.001    num_iterations=520
INFO  [19:39:39.762] [bbotk]            27.141    num_iterations=617
INFO  [19:39:39.762] [bbotk]            16.313    num_iterations=376
INFO  [19:39:39.762] [bbotk]             7.294     num_iterations=13
INFO  [19:39:39.762] [bbotk]             5.563    num_iterations=157
INFO  [19:39:39.762] [bbotk]            12.888    num_iterations=249
INFO  [19:39:39.762] [bbotk]             5.142      num_iterations=1
INFO  [19:39:39.762] [bbotk]            14.047    num_iterations=269
INFO  [19:39:39.762] [bbotk]            18.591    num_iterations=339
INFO  [19:39:39.762] [bbotk]            31.923    num_iterations=595
INFO  [19:39:39.762] [bbotk]            29.546    num_iterations=687
INFO  [19:39:39.762] [bbotk]            32.026    num_iterations=505
INFO  [19:39:39.762] [bbotk]            17.397    num_iterations=446
INFO  [19:39:39.762] [bbotk]            13.449    num_iterations=350
INFO  [19:39:39.762] [bbotk]            23.170    num_iterations=795
INFO  [19:39:39.762] [bbotk]            13.224    num_iterations=148
INFO  [19:39:39.762] [bbotk]            18.143    num_iterations=363
INFO  [19:39:39.762] [bbotk]             3.794      num_iterations=1
INFO  [19:39:39.762] [bbotk]            15.074    num_iterations=316
INFO  [19:39:39.762] [bbotk]             6.165      num_iterations=1
INFO  [19:39:39.762] [bbotk]            11.933     num_iterations=38
INFO  [19:39:39.762] [bbotk]            11.194    num_iterations=255
INFO  [19:39:39.762] [bbotk]             6.780    num_iterations=166
INFO  [19:39:39.762] [bbotk]             3.191     num_iterations=48
INFO  [19:39:39.762] [bbotk]            28.463    num_iterations=626
INFO  [19:39:39.762] [bbotk]             6.496     num_iterations=44
INFO  [19:39:39.762] [bbotk]            10.808     num_iterations=98
INFO  [19:39:39.762] [bbotk]            15.610    num_iterations=247
INFO  [19:39:39.762] [bbotk]             3.609     num_iterations=26
INFO  [19:39:39.762] [bbotk]             7.819      num_iterations=7
INFO  [19:39:39.762] [bbotk]            20.775    num_iterations=445
INFO  [19:39:39.762] [bbotk]  runtime_learners internal_tuned_values
INFO  [19:39:39.840] [bbotk] Finished optimizing after 100 evaluation(s)
INFO  [19:39:39.842] [bbotk] Result:
INFO  [19:39:39.845] [bbotk]  learning_rate num_leaves min_data_in_leaf feature_fraction extra_trees
INFO  [19:39:39.845] [bbotk]          <num>      <int>            <int>            <num>      <lgcl>
INFO  [19:39:39.845] [bbotk]      -2.372054         13               85        0.2766974       FALSE
INFO  [19:39:39.845] [bbotk]  lambda_l1 lambda_l2 min_gain_to_split internal_tuned_values learner_param_vals
INFO  [19:39:39.845] [bbotk]      <num>     <num>             <num>                <list>             <list>
INFO  [19:39:39.845] [bbotk]   -2.27158 -4.730356         -4.458268    num_iterations=256         <list[12]>
INFO  [19:39:39.845] [bbotk]   x_domain classif.ce
INFO  [19:39:39.845] [bbotk]     <list>      <num>
INFO  [19:39:39.845] [bbotk]  <list[8]>  0.1240941
