Waiting for workers to connect... 135/448
Waiting for workers to connect... 152/448
Waiting for workers to connect... 168/448
Waiting for workers to connect... 186/448
Waiting for workers to connect... 215/448
Waiting for workers to connect... 234/448
Waiting for workers to connect... 254/448
Waiting for workers to connect... 270/448
Waiting for workers to connect... 288/448
Waiting for workers to connect... 305/448
Waiting for workers to connect... 322/448
Waiting for workers to connect... 341/448
Waiting for workers to connect... 368/448
Waiting for workers to connect... 386/448
Waiting for workers to connect... 406/448
Waiting for workers to connect... 427/448
Waiting for workers to connect... 448/448
INFO  [17:29:54.638] [bbotk] Starting to optimize 8 parameter(s) with '<OptimizerBatchRandomSearch>' and '<TerminatorEvals> [n_evals=100, k=0]'
INFO  [17:29:54.739] [bbotk] Evaluating 100 configuration(s)
INFO  [17:29:55.010] [mlr3] Running benchmark with 1000 resampling iterations
INFO  [17:39:11.437] [mlr3] Finished benchmark
INFO  [17:39:19.750] [bbotk] Result of batch 1:
INFO  [17:39:19.762] [bbotk]  learning_rate num_leaves min_data_in_leaf feature_fraction extra_trees
INFO  [17:39:19.762] [bbotk]    -1.01896985        123               55        0.7767611       FALSE
INFO  [17:39:19.762] [bbotk]    -2.52113641        252                5        0.5731852       FALSE
INFO  [17:39:19.762] [bbotk]    -1.26613483        149              169        0.5401195       FALSE
INFO  [17:39:19.762] [bbotk]    -5.85012793         84               15        0.6261717       FALSE
INFO  [17:39:19.762] [bbotk]    -6.26242520         25              119        0.6090607        TRUE
INFO  [17:39:19.762] [bbotk]    -0.17438935        166              172        0.4031397       FALSE
INFO  [17:39:19.762] [bbotk]    -3.29680726        247               31        0.4380251       FALSE
INFO  [17:39:19.762] [bbotk]    -5.03725387        217              140        0.7977936        TRUE
INFO  [17:39:19.762] [bbotk]    -0.96626205         93               44        0.1388798       FALSE
INFO  [17:39:19.762] [bbotk]    -1.82913792         97               88        0.8375502       FALSE
INFO  [17:39:19.762] [bbotk]    -4.52878028        199              181        0.7836449       FALSE
INFO  [17:39:19.762] [bbotk]    -0.73041111        112              186        0.5980133        TRUE
INFO  [17:39:19.762] [bbotk]    -1.15682705        153              164        0.6509065        TRUE
INFO  [17:39:19.762] [bbotk]    -2.93070938         24              107        0.5456583       FALSE
INFO  [17:39:19.762] [bbotk]    -6.54836636        146              141        0.7276980        TRUE
INFO  [17:39:19.762] [bbotk]    -3.63524008         21              174        0.7659488        TRUE
INFO  [17:39:19.762] [bbotk]    -0.05657265         82               78        0.4832886        TRUE
INFO  [17:39:19.762] [bbotk]    -1.86592017         15               68        0.3844392       FALSE
INFO  [17:39:19.762] [bbotk]    -4.11976907        121               51        0.6106360       FALSE
INFO  [17:39:19.762] [bbotk]    -4.58403086         87              193        0.5788200       FALSE
INFO  [17:39:19.762] [bbotk]    -6.69857105        156              114        0.1558578        TRUE
INFO  [17:39:19.762] [bbotk]    -2.28809431        157               35        0.8690922       FALSE
INFO  [17:39:19.762] [bbotk]    -5.06382973        214               87        0.8289521        TRUE
INFO  [17:39:19.762] [bbotk]    -0.26184132        119              152        0.3910703       FALSE
INFO  [17:39:19.762] [bbotk]    -5.29905906         28              195        0.6990260        TRUE
INFO  [17:39:19.762] [bbotk]    -1.38539037        124              132        0.3227766       FALSE
INFO  [17:39:19.762] [bbotk]    -4.30288892         44              104        0.2372430       FALSE
INFO  [17:39:19.762] [bbotk]    -2.86616996         34              188        0.1018071        TRUE
INFO  [17:39:19.762] [bbotk]    -0.44926352         26              175        0.4929882       FALSE
INFO  [17:39:19.762] [bbotk]    -6.79533079         20               72        0.8493251       FALSE
INFO  [17:39:19.762] [bbotk]    -4.91983555        245              149        0.9663762       FALSE
INFO  [17:39:19.762] [bbotk]    -5.74863550         94               23        0.2362522       FALSE
INFO  [17:39:19.762] [bbotk]    -1.26185185        210               87        0.1979457        TRUE
INFO  [17:39:19.762] [bbotk]    -4.23719853        102              154        0.6831009        TRUE
INFO  [17:39:19.762] [bbotk]    -4.23218748        231              187        0.6668007        TRUE
INFO  [17:39:19.762] [bbotk]    -0.80392729        251               90        0.6693965        TRUE
INFO  [17:39:19.762] [bbotk]    -3.25843753        197               15        0.2400442        TRUE
INFO  [17:39:19.762] [bbotk]    -1.86463496        133              139        0.7173296       FALSE
INFO  [17:39:19.762] [bbotk]    -2.73955659        190              192        0.3321758       FALSE
INFO  [17:39:19.762] [bbotk]    -3.87102358        116               22        0.4435158       FALSE
INFO  [17:39:19.762] [bbotk]    -2.08000075        246              175        0.2713796        TRUE
INFO  [17:39:19.762] [bbotk]    -2.12878932        118              174        0.3583810       FALSE
INFO  [17:39:19.762] [bbotk]    -1.74339212        130              200        0.7196426        TRUE
INFO  [17:39:19.762] [bbotk]    -5.48154740        212              192        0.4663456        TRUE
INFO  [17:39:19.762] [bbotk]    -3.36805440        178              195        0.1060158        TRUE
INFO  [17:39:19.762] [bbotk]    -5.32744280        119                3        0.5630486       FALSE
INFO  [17:39:19.762] [bbotk]    -3.80938360        175              136        0.8170289       FALSE
INFO  [17:39:19.762] [bbotk]    -1.36131780         77               33        0.5331521        TRUE
INFO  [17:39:19.762] [bbotk]    -4.30399206        119              178        0.3418600       FALSE
INFO  [17:39:19.762] [bbotk]    -2.66094012        247               83        0.4048843       FALSE
INFO  [17:39:19.762] [bbotk]    -5.58728650        155              179        0.9415648        TRUE
INFO  [17:39:19.762] [bbotk]    -1.53477060         63              172        0.2802256        TRUE
INFO  [17:39:19.762] [bbotk]    -0.61891119         91              105        0.3011891        TRUE
INFO  [17:39:19.762] [bbotk]    -6.12144427         32              190        0.2444647        TRUE
INFO  [17:39:19.762] [bbotk]    -5.13731531         56              144        0.3767398        TRUE
INFO  [17:39:19.762] [bbotk]    -5.45006399         52               92        0.8488523       FALSE
INFO  [17:39:19.762] [bbotk]    -5.86359932        166               26        0.6546084        TRUE
INFO  [17:39:19.762] [bbotk]    -0.43344908        188              142        0.9463949        TRUE
INFO  [17:39:19.762] [bbotk]    -4.08986396        152               70        0.2329212        TRUE
INFO  [17:39:19.762] [bbotk]    -5.18188062        128              171        0.9103811        TRUE
INFO  [17:39:19.762] [bbotk]    -6.88714324        126                2        0.7607824       FALSE
INFO  [17:39:19.762] [bbotk]    -5.14676088         78              139        0.5657994       FALSE
INFO  [17:39:19.762] [bbotk]    -4.88480255         58              186        0.4440836       FALSE
INFO  [17:39:19.762] [bbotk]    -1.53023008        222              117        0.3996652        TRUE
INFO  [17:39:19.762] [bbotk]    -3.81302344        229              198        0.6274965        TRUE
INFO  [17:39:19.762] [bbotk]    -5.96903857        149              160        0.9228698       FALSE
INFO  [17:39:19.762] [bbotk]    -3.67205345        101              115        0.2834967       FALSE
INFO  [17:39:19.762] [bbotk]    -0.12157291        199                1        0.8854726       FALSE
INFO  [17:39:19.762] [bbotk]    -1.35840966        239               67        0.6757049       FALSE
INFO  [17:39:19.762] [bbotk]    -1.24806831        221              181        0.8253098       FALSE
INFO  [17:39:19.762] [bbotk]    -4.34427996        157              107        0.9257580        TRUE
INFO  [17:39:19.762] [bbotk]    -4.93933946        255               47        0.7419157       FALSE
INFO  [17:39:19.762] [bbotk]    -5.16279020        179               86        0.7300759        TRUE
INFO  [17:39:19.762] [bbotk]    -2.29223242        235              153        0.3386200        TRUE
INFO  [17:39:19.762] [bbotk]    -4.19585492        100              197        0.8525394        TRUE
INFO  [17:39:19.762] [bbotk]    -3.02097940         25              172        0.7345904       FALSE
INFO  [17:39:19.762] [bbotk]    -0.59456063        121               74        0.9290050        TRUE
INFO  [17:39:19.762] [bbotk]    -6.39640035         18              165        0.2808266       FALSE
INFO  [17:39:19.762] [bbotk]    -6.84138233         30              166        0.3874009        TRUE
INFO  [17:39:19.762] [bbotk]    -1.28032706         72               85        0.9522999       FALSE
INFO  [17:39:19.762] [bbotk]    -6.43003568        138              127        0.7998190        TRUE
INFO  [17:39:19.762] [bbotk]    -0.81731049        250               42        0.5148985        TRUE
INFO  [17:39:19.762] [bbotk]    -3.98151238        203              116        0.7099874       FALSE
INFO  [17:39:19.762] [bbotk]    -3.24492696         37              162        0.3028214        TRUE
INFO  [17:39:19.762] [bbotk]    -5.41722867        239               38        0.1419469        TRUE
INFO  [17:39:19.762] [bbotk]    -5.95512000        128               43        0.4566287       FALSE
INFO  [17:39:19.762] [bbotk]    -1.27929486        164              197        0.5622554       FALSE
INFO  [17:39:19.762] [bbotk]    -2.82408094        191              199        0.6055734        TRUE
INFO  [17:39:19.762] [bbotk]    -5.98514672         14               76        0.8526668       FALSE
INFO  [17:39:19.762] [bbotk]    -1.28642173        248               43        0.7829144       FALSE
INFO  [17:39:19.762] [bbotk]    -6.64717391        231               74        0.3087488       FALSE
INFO  [17:39:19.762] [bbotk]    -4.67294755        162               68        0.4878112        TRUE
INFO  [17:39:19.762] [bbotk]    -4.25132550         39              162        0.7182238        TRUE
INFO  [17:39:19.762] [bbotk]    -0.18441149        176               23        0.2950162       FALSE
INFO  [17:39:19.762] [bbotk]    -2.93888961         34              138        0.7952491       FALSE
INFO  [17:39:19.762] [bbotk]    -6.10121907         72              192        0.3855348       FALSE
INFO  [17:39:19.762] [bbotk]    -0.43555429        213               59        0.4613034       FALSE
INFO  [17:39:19.762] [bbotk]    -0.76390735         70                7        0.5348452        TRUE
INFO  [17:39:19.762] [bbotk]    -5.42024049        207               19        0.5184713       FALSE
INFO  [17:39:19.762] [bbotk]    -2.06324177        221              134        0.3960380        TRUE
INFO  [17:39:19.762] [bbotk]  learning_rate num_leaves min_data_in_leaf feature_fraction extra_trees
INFO  [17:39:19.762] [bbotk]    lambda_l1   lambda_l2 min_gain_to_split classif.ce warnings errors
INFO  [17:39:19.762] [bbotk]   5.14118753  2.37165112         -3.810226  0.3342134        0      0
INFO  [17:39:19.762] [bbotk]   0.24280355  4.50798357         -5.688553  0.3245931        0      0
INFO  [17:39:19.762] [bbotk]  -4.42020771 -1.85998069         -3.882082  0.3263229        0      0
INFO  [17:39:19.762] [bbotk]   3.75312622 -5.86744521         -4.506580  0.3348567        0      0
INFO  [17:39:19.762] [bbotk]   4.76265309 -3.26527695         -6.666615  0.4454423        0      0
INFO  [17:39:19.762] [bbotk]  -3.03270609 -2.28985336         -3.151639  0.3325503        0      0
INFO  [17:39:19.762] [bbotk]  -0.75800257  3.37015035         -3.371441  0.3236939        0      0
INFO  [17:39:19.762] [bbotk]   6.05367739  3.21045483         -5.978919  0.3415551        0      0
INFO  [17:39:19.762] [bbotk]   6.59357129 -6.32011570         -6.405138  0.3489116        0      0
INFO  [17:39:19.762] [bbotk]   4.88799695  4.36127816         -2.371237  0.3316771        0      0
INFO  [17:39:19.762] [bbotk]  -6.77025176 -4.80518074         -5.389252  0.3264619        0      0
INFO  [17:39:19.762] [bbotk]   3.91560334  4.81288217         -5.111020  0.3341058        0      0
INFO  [17:39:19.762] [bbotk]  -1.65694304 -5.72519947         -6.753541  0.3294653        0      0
INFO  [17:39:19.762] [bbotk]  -3.42818311 -0.76189767         -5.124201  0.3276726        0      0
INFO  [17:39:19.762] [bbotk]   3.05116763 -1.00284700         -5.414924  0.4454423        0      0
INFO  [17:39:19.762] [bbotk]  -2.57086143  3.40626414         -4.188040  0.3320275        0      0
INFO  [17:39:19.762] [bbotk]  -4.23496224 -6.79650795         -3.156130  0.3323779        0      0
INFO  [17:39:19.762] [bbotk]   3.19740552 -4.67701641         -4.858237  0.3301124        0      0
INFO  [17:39:19.762] [bbotk]  -0.48023291  6.67965848         -5.174368  0.3278728        0      0
INFO  [17:39:19.762] [bbotk]  -2.72808416  3.40346664         -6.051574  0.3287052        0      0
INFO  [17:39:19.762] [bbotk]   5.70453118  5.07733087         -4.015605  0.4454423        0      0
INFO  [17:39:19.762] [bbotk]  -2.25413681  1.00602541         -4.033518  0.3270459        0      0
INFO  [17:39:19.762] [bbotk]   1.54281648  1.19512229         -3.126845  0.3311543        0      0
INFO  [17:39:19.762] [bbotk]  -4.33564797 -5.42340377         -5.733803  0.3314213        0      0
INFO  [17:39:19.762] [bbotk]  -0.42956014  0.35894328         -5.960750  0.3350291        0      0
INFO  [17:39:19.762] [bbotk]   6.74375225 -2.74305305         -6.428558  0.3463921        0      0
INFO  [17:39:19.762] [bbotk]  -5.16125220  1.18998644         -3.403404  0.3354296        0      0
INFO  [17:39:19.762] [bbotk]  -2.07611237  3.85057991         -2.514813  0.3500426        0      0
INFO  [17:39:19.762] [bbotk]   6.23538888  6.42061156         -6.714954  0.3429418        0      0
INFO  [17:39:19.762] [bbotk]   3.81296392 -4.19841765         -6.168353  0.4454423        0      0
INFO  [17:39:19.762] [bbotk]  -5.62521261 -2.92111283         -4.060865  0.3286385        0      0
INFO  [17:39:19.762] [bbotk]   4.07033527 -1.15927457         -5.885860  0.3457599        0      0
INFO  [17:39:19.762] [bbotk]  -2.64161373 -2.22837279         -3.602742  0.3494104        0      0
INFO  [17:39:19.762] [bbotk]  -1.06931771  5.11872940         -3.052374  0.3309392        0      0
INFO  [17:39:19.762] [bbotk]   4.50825232 -1.38069683         -3.441044  0.3358374        0      0
INFO  [17:39:19.762] [bbotk]   6.18322453  4.95534435         -5.758380  0.3434980        0      0
INFO  [17:39:19.762] [bbotk]  -6.82322140 -1.66379624         -2.437049  0.3385387        0      0
INFO  [17:39:19.762] [bbotk]   6.04204110  0.05567208         -2.329346  0.3380752        0      0
INFO  [17:39:19.762] [bbotk]   5.94583231 -5.67044651         -5.701260  0.3437891        0      0
INFO  [17:39:19.762] [bbotk]  -5.88084424 -6.06744531         -5.564840  0.3246765        0      0
INFO  [17:39:19.762] [bbotk]   0.09806555 -4.45774405         -3.374621  0.3371723        0      0
INFO  [17:39:19.762] [bbotk]   1.73323994 -0.94699215         -6.120416  0.3242167        0      0
INFO  [17:39:19.762] [bbotk]  -3.40185817  3.01920037         -3.352203  0.3285958        0      0
INFO  [17:39:19.762] [bbotk]   5.27483421  2.04019663         -4.816546  0.3466554        0      0
INFO  [17:39:19.762] [bbotk]  -1.59019920 -6.06054242         -4.453266  0.3506525        0      0
INFO  [17:39:19.762] [bbotk]  -5.67766826  5.66085158         -3.043722  0.3296248        0      0
INFO  [17:39:19.762] [bbotk]  -4.28748928  5.23067599         -4.590013  0.3268271        0      0
INFO  [17:39:19.762] [bbotk]   2.97831028 -5.01096654         -2.434962  0.3332196        0      0
INFO  [17:39:19.762] [bbotk]  -4.35387416  2.87146082         -6.230874  0.3315714        0      0
INFO  [17:39:19.762] [bbotk]   4.62002311 -3.15082243         -3.766568  0.3334977        0      0
INFO  [17:39:19.762] [bbotk]   1.90128257 -1.24844147         -4.863332  0.3305518        0      0
INFO  [17:39:19.762] [bbotk]  -2.07939252 -3.29862398         -3.892418  0.3359060        0      0
INFO  [17:39:19.762] [bbotk]  -1.19244430 -1.08312407         -6.555710  0.3342597        0      0
INFO  [17:39:19.762] [bbotk]  -6.83358173  3.11563163         -5.236559  0.4454423        0      0
INFO  [17:39:19.762] [bbotk]   5.39367632  6.44861308         -5.846908  0.3446382        0      0
INFO  [17:39:19.762] [bbotk]   0.60223147  5.32303130         -6.624098  0.3334940        0      0
INFO  [17:39:19.762] [bbotk]  -2.02866936 -6.68941446         -5.097500  0.3317958        0      0
INFO  [17:39:19.762] [bbotk]  -3.38456144 -2.09875755         -5.184773  0.3331343        0      0
INFO  [17:39:19.762] [bbotk]   2.75992846 -0.06753586         -3.432839  0.3423931        0      0
INFO  [17:39:19.762] [bbotk]   5.57513811  0.35369917         -5.081306  0.3399644        0      0
INFO  [17:39:19.762] [bbotk]  -3.86625599 -4.43057287         -5.706835  0.4454423        0      0
INFO  [17:39:19.762] [bbotk]   5.45926817 -6.10289703         -6.800625  0.3370351        0      0
INFO  [17:39:19.762] [bbotk]   6.78771981  5.25606694         -4.108832  0.3438577        0      0
INFO  [17:39:19.762] [bbotk]   6.39516394 -5.74075870         -3.481583  0.3456802        0      0
INFO  [17:39:19.762] [bbotk]   0.07080022  3.65996143         -5.708111  0.3295710        0      0
INFO  [17:39:19.762] [bbotk]   1.08678280  2.53629095         -2.734428  0.3312581        0      0
INFO  [17:39:19.762] [bbotk]   0.11918298  3.72056043         -6.157163  0.3309151        0      0
INFO  [17:39:19.762] [bbotk]   3.00172968 -3.60304769         -3.676781  0.3333234        0      0
INFO  [17:39:19.762] [bbotk]  -5.97566869 -2.69670762         -6.425083  0.3270515        0      0
INFO  [17:39:19.762] [bbotk]  -6.29677835 -6.77273012         -6.043568  0.3281917        0      0
INFO  [17:39:19.762] [bbotk]   6.53939668  3.64686699         -3.444315  0.3437780        0      0
INFO  [17:39:19.762] [bbotk]  -2.85135348 -3.96042930         -5.128356  0.3263803        0      0
INFO  [17:39:19.762] [bbotk]  -6.04445855 -4.62508279         -6.353817  0.3298028        0      0
INFO  [17:39:19.762] [bbotk]   5.99873897 -3.14273839         -3.920941  0.3470076        0      0
INFO  [17:39:19.762] [bbotk]   2.14505717 -3.87658809         -4.894483  0.3298880        0      0
INFO  [17:39:19.762] [bbotk]  -3.45878172 -2.77772410         -4.924240  0.3281027        0      0
INFO  [17:39:19.762] [bbotk]  -2.68159112  0.83406272         -3.317723  0.3317884        0      0
INFO  [17:39:19.762] [bbotk]  -3.36747971  0.70515139         -6.082270  0.4454423        0      0
INFO  [17:39:19.762] [bbotk]  -3.36742253  4.95472225         -6.474849  0.4454423        0      0
INFO  [17:39:19.762] [bbotk]  -3.94793115  4.85179339         -5.391527  0.3293374        0      0
INFO  [17:39:19.762] [bbotk]  -6.24022007 -5.31860166         -6.527141  0.3343802        0      0
INFO  [17:39:19.762] [bbotk]   2.15311155  6.41716859         -5.083228  0.3295172        0      0
INFO  [17:39:19.762] [bbotk]  -5.83579851  2.08369115         -4.292892  0.3253810        0      0
INFO  [17:39:19.762] [bbotk]   2.79672040 -1.99038145         -2.809448  0.3415495        0      0
INFO  [17:39:19.762] [bbotk]   5.24167299 -0.17445422         -3.396850  0.4454423        0      0
INFO  [17:39:19.762] [bbotk]  -0.52213884  1.65824915         -5.676812  0.3329656        0      0
INFO  [17:39:19.762] [bbotk]   3.32418104 -4.91319860         -2.621569  0.3279340        0      0
INFO  [17:39:19.762] [bbotk]   0.29083618  4.17772918         -4.399722  0.3295284        0      0
INFO  [17:39:19.762] [bbotk]   4.89837592  5.42039152         -5.626565  0.3413567        0      0
INFO  [17:39:19.762] [bbotk]   4.36037011  1.49882999         -4.549188  0.3303033        0      0
INFO  [17:39:19.762] [bbotk]  -6.23106220 -4.74107105         -5.654688  0.4454423        0      0
INFO  [17:39:19.762] [bbotk]   5.57983370  3.75375774         -5.562805  0.3439856        0      0
INFO  [17:39:19.762] [bbotk]  -0.80154155  6.37474147         -2.832637  0.3328359        0      0
INFO  [17:39:19.762] [bbotk]   4.24130212 -6.16587879         -5.993530  0.3358838        0      0
INFO  [17:39:19.762] [bbotk]  -0.34727916 -2.87534269         -2.784711  0.3281527        0      0
INFO  [17:39:19.762] [bbotk]   4.59061351  1.37487559         -6.310341  0.3416014        0      0
INFO  [17:39:19.762] [bbotk]  -1.84441706  0.67970069         -4.738307  0.3303886        0      0
INFO  [17:39:19.762] [bbotk]   4.07855171 -1.57291944         -2.612264  0.3367329        0      0
INFO  [17:39:19.762] [bbotk]  -4.92102904  1.53721470         -4.888941  0.3267622        0      0
INFO  [17:39:19.762] [bbotk]  -1.66630384 -3.50274048         -3.757469  0.3299270        0      0
INFO  [17:39:19.762] [bbotk]    lambda_l1   lambda_l2 min_gain_to_split classif.ce warnings errors
INFO  [17:39:19.762] [bbotk]  runtime_learners internal_tuned_values
INFO  [17:39:19.762] [bbotk]            35.850     num_iterations=39
INFO  [17:39:19.762] [bbotk]           200.654    num_iterations=261
INFO  [17:39:19.762] [bbotk]            70.725     num_iterations=95
INFO  [17:39:19.762] [bbotk]           940.750   num_iterations=1641
INFO  [17:39:19.762] [bbotk]            38.960      num_iterations=1
INFO  [17:39:19.762] [bbotk]            58.205     num_iterations=43
INFO  [17:39:19.762] [bbotk]           395.176    num_iterations=605
INFO  [17:39:19.762] [bbotk]           563.721   num_iterations=1423
INFO  [17:39:19.762] [bbotk]            56.874    num_iterations=214
INFO  [17:39:19.762] [bbotk]            52.861     num_iterations=65
INFO  [17:39:19.762] [bbotk]           569.634    num_iterations=784
INFO  [17:39:19.762] [bbotk]            70.953    num_iterations=184
INFO  [17:39:19.762] [bbotk]           101.659    num_iterations=100
INFO  [17:39:19.762] [bbotk]           240.429    num_iterations=937
INFO  [17:39:19.762] [bbotk]            51.390      num_iterations=1
INFO  [17:39:19.762] [bbotk]           355.742   num_iterations=1027
INFO  [17:39:19.762] [bbotk]            99.356    num_iterations=232
INFO  [17:39:19.762] [bbotk]           143.844    num_iterations=509
INFO  [17:39:19.762] [bbotk]           765.158   num_iterations=1137
INFO  [17:39:19.762] [bbotk]           605.281   num_iterations=1088
INFO  [17:39:19.762] [bbotk]            25.976      num_iterations=1
INFO  [17:39:19.762] [bbotk]           105.923    num_iterations=187
INFO  [17:39:19.762] [bbotk]           697.737    num_iterations=915
INFO  [17:39:19.762] [bbotk]            61.091     num_iterations=81
INFO  [17:39:19.762] [bbotk]           793.765   num_iterations=1848
INFO  [17:39:19.762] [bbotk]            57.498    num_iterations=200
INFO  [17:39:19.762] [bbotk]           594.132   num_iterations=1563
INFO  [17:39:19.762] [bbotk]           159.814    num_iterations=588
INFO  [17:39:19.762] [bbotk]            27.741     num_iterations=35
INFO  [17:39:19.762] [bbotk]            42.805      num_iterations=1
INFO  [17:39:19.762] [bbotk]           591.887    num_iterations=676
INFO  [17:39:19.762] [bbotk]           900.965   num_iterations=1957
INFO  [17:39:19.762] [bbotk]            77.266    num_iterations=247
INFO  [17:39:19.762] [bbotk]           530.391    num_iterations=854
INFO  [17:39:19.762] [bbotk]           392.934    num_iterations=899
INFO  [17:39:19.762] [bbotk]            39.444     num_iterations=97
INFO  [17:39:19.762] [bbotk]           348.661    num_iterations=950
INFO  [17:39:19.762] [bbotk]            44.956     num_iterations=68
INFO  [17:39:19.762] [bbotk]           151.553    num_iterations=507
INFO  [17:39:19.762] [bbotk]           505.152   num_iterations=1080
INFO  [17:39:19.762] [bbotk]           169.210    num_iterations=495
INFO  [17:39:19.762] [bbotk]           203.350    num_iterations=389
INFO  [17:39:19.762] [bbotk]           152.620    num_iterations=274
INFO  [17:39:19.762] [bbotk]           567.587   num_iterations=1555
INFO  [17:39:19.762] [bbotk]           214.198    num_iterations=720
INFO  [17:39:19.762] [bbotk]          1121.955   num_iterations=1769
INFO  [17:39:19.762] [bbotk]           510.396    num_iterations=669
INFO  [17:39:19.762] [bbotk]            72.874    num_iterations=208
INFO  [17:39:19.762] [bbotk]           740.121   num_iterations=1481
INFO  [17:39:19.762] [bbotk]           146.159    num_iterations=334
INFO  [17:39:19.762] [bbotk]          1137.317   num_iterations=1579
INFO  [17:39:19.762] [bbotk]           150.475    num_iterations=450
INFO  [17:39:19.762] [bbotk]           122.330    num_iterations=278
INFO  [17:39:19.762] [bbotk]            32.982      num_iterations=1
INFO  [17:39:19.762] [bbotk]           643.107   num_iterations=1867
INFO  [17:39:19.762] [bbotk]           667.958   num_iterations=1171
INFO  [17:39:19.762] [bbotk]          1374.442   num_iterations=1945
INFO  [17:39:19.762] [bbotk]            67.920     num_iterations=27
INFO  [17:39:19.762] [bbotk]           472.528   num_iterations=1361
INFO  [17:39:19.762] [bbotk]           629.730   num_iterations=1465
INFO  [17:39:19.762] [bbotk]            57.217      num_iterations=1
INFO  [17:39:19.762] [bbotk]           687.783   num_iterations=1369
INFO  [17:39:19.762] [bbotk]           460.585   num_iterations=1306
INFO  [17:39:19.762] [bbotk]            58.907    num_iterations=273
INFO  [17:39:19.762] [bbotk]           614.172    num_iterations=893
INFO  [17:39:19.762] [bbotk]          1095.551   num_iterations=1423
INFO  [17:39:19.762] [bbotk]           528.360   num_iterations=1073
INFO  [17:39:19.762] [bbotk]            76.717     num_iterations=33
INFO  [17:39:19.762] [bbotk]            62.765     num_iterations=61
INFO  [17:39:19.762] [bbotk]            60.220     num_iterations=35
INFO  [17:39:19.762] [bbotk]           287.244    num_iterations=851
INFO  [17:39:19.762] [bbotk]           718.378    num_iterations=859
INFO  [17:39:19.762] [bbotk]           938.779   num_iterations=1309
INFO  [17:39:19.762] [bbotk]           136.571    num_iterations=703
INFO  [17:39:19.762] [bbotk]           545.793    num_iterations=860
INFO  [17:39:19.762] [bbotk]           240.029    num_iterations=906
INFO  [17:39:19.762] [bbotk]            72.561     num_iterations=62
INFO  [17:39:19.762] [bbotk]            32.553      num_iterations=1
INFO  [17:39:19.762] [bbotk]            38.186      num_iterations=1
INFO  [17:39:19.762] [bbotk]            70.710    num_iterations=121
INFO  [17:39:19.762] [bbotk]          1284.018   num_iterations=1847
INFO  [17:39:19.762] [bbotk]           154.170    num_iterations=359
INFO  [17:39:19.762] [bbotk]           456.424    num_iterations=677
INFO  [17:39:19.762] [bbotk]           288.111    num_iterations=987
INFO  [17:39:19.762] [bbotk]            22.860      num_iterations=1
INFO  [17:39:19.762] [bbotk]          1161.364   num_iterations=1937
INFO  [17:39:19.762] [bbotk]            53.607     num_iterations=65
INFO  [17:39:19.762] [bbotk]           289.864    num_iterations=482
INFO  [17:39:19.762] [bbotk]           696.593   num_iterations=1874
INFO  [17:39:19.762] [bbotk]            48.243     num_iterations=61
INFO  [17:39:19.762] [bbotk]            50.142      num_iterations=1
INFO  [17:39:19.762] [bbotk]           456.848   num_iterations=1363
INFO  [17:39:19.762] [bbotk]           586.246   num_iterations=1181
INFO  [17:39:19.762] [bbotk]            59.490    num_iterations=140
INFO  [17:39:19.762] [bbotk]           189.326    num_iterations=642
INFO  [17:39:19.762] [bbotk]           844.453   num_iterations=1697
INFO  [17:39:19.762] [bbotk]            58.306     num_iterations=56
INFO  [17:39:19.762] [bbotk]            53.555    num_iterations=179
INFO  [17:39:19.762] [bbotk]          1105.875   num_iterations=1575
INFO  [17:39:19.762] [bbotk]           162.308    num_iterations=304
INFO  [17:39:19.762] [bbotk]  runtime_learners internal_tuned_values
INFO  [17:39:19.840] [bbotk] Finished optimizing after 100 evaluation(s)
INFO  [17:39:19.842] [bbotk] Result:
INFO  [17:39:19.845] [bbotk]  learning_rate num_leaves min_data_in_leaf feature_fraction extra_trees
INFO  [17:39:19.845] [bbotk]          <num>      <int>            <int>            <num>      <lgcl>
INFO  [17:39:19.845] [bbotk]      -3.296807        247               31        0.4380251       FALSE
INFO  [17:39:19.845] [bbotk]   lambda_l1 lambda_l2 min_gain_to_split internal_tuned_values
INFO  [17:39:19.845] [bbotk]       <num>     <num>             <num>                <list>
INFO  [17:39:19.845] [bbotk]  -0.7580026   3.37015         -3.371441    num_iterations=605
INFO  [17:39:19.845] [bbotk]  learner_param_vals  x_domain classif.ce
INFO  [17:39:19.845] [bbotk]              <list>    <list>      <num>
INFO  [17:39:19.845] [bbotk]          <list[12]> <list[8]>  0.3236939
