Waiting for workers to connect... 193/448
Waiting for workers to connect... 214/448
Waiting for workers to connect... 231/448
Waiting for workers to connect... 248/448
Waiting for workers to connect... 266/448
Waiting for workers to connect... 283/448
Waiting for workers to connect... 301/448
Waiting for workers to connect... 325/448
Waiting for workers to connect... 343/448
Waiting for workers to connect... 359/448
Waiting for workers to connect... 376/448
Waiting for workers to connect... 391/448
Waiting for workers to connect... 407/448
Waiting for workers to connect... 438/448
Waiting for workers to connect... 448/448
INFO  [19:43:26.979] [bbotk] Starting to optimize 8 parameter(s) with '<OptimizerBatchRandomSearch>' and '<TerminatorEvals> [n_evals=100, k=0]'
INFO  [19:43:27.085] [bbotk] Evaluating 100 configuration(s)
INFO  [19:43:27.364] [mlr3] Running benchmark with 1000 resampling iterations
INFO  [19:51:37.247] [mlr3] Finished benchmark
INFO  [19:51:44.788] [bbotk] Result of batch 1:
INFO  [19:51:44.799] [bbotk]  learning_rate num_leaves min_data_in_leaf feature_fraction extra_trees
INFO  [19:51:44.799] [bbotk]    -3.01208216         61              154        0.7271648       FALSE
INFO  [19:51:44.799] [bbotk]    -2.79227115         29              105        0.2061268       FALSE
INFO  [19:51:44.799] [bbotk]    -1.38889186        105              185        0.7188119        TRUE
INFO  [19:51:44.799] [bbotk]    -0.17536922         80               63        0.7813417        TRUE
INFO  [19:51:44.799] [bbotk]    -6.74145653         65               89        0.1611857       FALSE
INFO  [19:51:44.799] [bbotk]    -5.04206172         71               64        0.8476142        TRUE
INFO  [19:51:44.799] [bbotk]    -0.69428758         32              163        0.4527056        TRUE
INFO  [19:51:44.799] [bbotk]    -6.50397563         36              146        0.2685561        TRUE
INFO  [19:51:44.799] [bbotk]    -6.86627064        255               96        0.7494238        TRUE
INFO  [19:51:44.799] [bbotk]    -2.30734633        205              133        0.4457966       FALSE
INFO  [19:51:44.799] [bbotk]    -4.50604333        232              131        0.3984367        TRUE
INFO  [19:51:44.799] [bbotk]    -6.04295712        126              137        0.6908705        TRUE
INFO  [19:51:44.799] [bbotk]    -6.23882468         67               28        0.8818295        TRUE
INFO  [19:51:44.799] [bbotk]    -6.42337679        207              153        0.3108083        TRUE
INFO  [19:51:44.799] [bbotk]    -3.35243691        155               36        0.1080408       FALSE
INFO  [19:51:44.799] [bbotk]    -0.01477063        157              154        0.7923357        TRUE
INFO  [19:51:44.799] [bbotk]    -5.60173228         85              160        0.3452422        TRUE
INFO  [19:51:44.799] [bbotk]    -4.24891879         33               39        0.8527013        TRUE
INFO  [19:51:44.799] [bbotk]    -0.25565430        210              194        0.4950929        TRUE
INFO  [19:51:44.799] [bbotk]    -0.35155092        126               23        0.2219758        TRUE
INFO  [19:51:44.799] [bbotk]    -6.22404422         46              149        0.1181815        TRUE
INFO  [19:51:44.799] [bbotk]    -0.54401710        158               73        0.1905831       FALSE
INFO  [19:51:44.799] [bbotk]    -1.63784459        137                9        0.4748586        TRUE
INFO  [19:51:44.799] [bbotk]    -6.75105277        250               37        0.6210500       FALSE
INFO  [19:51:44.799] [bbotk]    -5.07432372        242              198        0.1116380       FALSE
INFO  [19:51:44.799] [bbotk]    -5.03391438        190              154        0.5585028       FALSE
INFO  [19:51:44.799] [bbotk]    -1.68195825        182               39        0.5784655        TRUE
INFO  [19:51:44.799] [bbotk]    -3.31690902         91               41        0.1116782        TRUE
INFO  [19:51:44.799] [bbotk]    -2.12123785         88              106        0.5873156        TRUE
INFO  [19:51:44.799] [bbotk]    -2.07687981         93               86        0.8578762        TRUE
INFO  [19:51:44.799] [bbotk]    -0.98413698        111              143        0.2703213        TRUE
INFO  [19:51:44.799] [bbotk]    -4.19838397        163              191        0.2396859        TRUE
INFO  [19:51:44.799] [bbotk]    -2.85241987        188              151        0.7088207       FALSE
INFO  [19:51:44.799] [bbotk]    -0.13851269        234               95        0.6797438       FALSE
INFO  [19:51:44.799] [bbotk]    -2.70027063        160              176        0.5668035       FALSE
INFO  [19:51:44.799] [bbotk]    -1.87867537         44              147        0.5248294        TRUE
INFO  [19:51:44.799] [bbotk]    -6.52172546         56              181        0.8998234        TRUE
INFO  [19:51:44.799] [bbotk]    -0.17047345         31              150        0.3693494        TRUE
INFO  [19:51:44.799] [bbotk]    -5.98427327         81              156        0.5907641       FALSE
INFO  [19:51:44.799] [bbotk]    -0.10131850        145               12        0.6134181       FALSE
INFO  [19:51:44.799] [bbotk]    -4.11226147        246              158        0.7307871       FALSE
INFO  [19:51:44.799] [bbotk]    -3.51577602        133               25        0.3967388       FALSE
INFO  [19:51:44.799] [bbotk]    -1.71160609         85               24        0.7162183       FALSE
INFO  [19:51:44.799] [bbotk]    -2.17484655         26               39        0.2712071       FALSE
INFO  [19:51:44.799] [bbotk]    -1.43862275        189               24        0.8642751        TRUE
INFO  [19:51:44.799] [bbotk]    -1.14577135        199               76        0.5916459        TRUE
INFO  [19:51:44.799] [bbotk]    -3.85830319        190               29        0.1250042       FALSE
INFO  [19:51:44.799] [bbotk]    -1.97535469        201               30        0.7851458       FALSE
INFO  [19:51:44.799] [bbotk]    -0.56728474        138               51        0.7842669        TRUE
INFO  [19:51:44.799] [bbotk]    -0.34259142         42              155        0.3950695        TRUE
INFO  [19:51:44.799] [bbotk]    -4.02742722         78                5        0.1974283        TRUE
INFO  [19:51:44.799] [bbotk]    -5.79628883         21              118        0.8540803        TRUE
INFO  [19:51:44.799] [bbotk]    -2.69457533        105              165        0.4823909        TRUE
INFO  [19:51:44.799] [bbotk]    -3.99816768         47              155        0.3985127        TRUE
INFO  [19:51:44.799] [bbotk]    -2.03325896        182               51        0.1366840        TRUE
INFO  [19:51:44.799] [bbotk]    -2.12787927        151              134        0.9978584       FALSE
INFO  [19:51:44.799] [bbotk]    -2.03621923        182              199        0.5163940        TRUE
INFO  [19:51:44.799] [bbotk]    -6.83949704         84              137        0.2604993       FALSE
INFO  [19:51:44.799] [bbotk]    -3.60891962        163               95        0.4957986        TRUE
INFO  [19:51:44.799] [bbotk]    -2.22961974        207               42        0.1370480        TRUE
INFO  [19:51:44.799] [bbotk]    -0.01734247         50              104        0.2082732        TRUE
INFO  [19:51:44.799] [bbotk]    -5.10798524        138               62        0.2425609        TRUE
INFO  [19:51:44.799] [bbotk]    -0.65306962        109               33        0.3363130        TRUE
INFO  [19:51:44.799] [bbotk]    -0.20600710        106               91        0.4369165        TRUE
INFO  [19:51:44.799] [bbotk]    -3.27767046        207              127        0.3140607        TRUE
INFO  [19:51:44.799] [bbotk]    -3.99053410         53               43        0.6401429       FALSE
INFO  [19:51:44.799] [bbotk]    -1.43756490        185              160        0.5821637        TRUE
INFO  [19:51:44.799] [bbotk]    -1.09871104        234              108        0.4759768       FALSE
INFO  [19:51:44.799] [bbotk]    -0.33443175        146               83        0.5494718        TRUE
INFO  [19:51:44.799] [bbotk]    -0.68668158         46              143        0.7933415       FALSE
INFO  [19:51:44.799] [bbotk]    -2.01008279         62              145        0.5545559        TRUE
INFO  [19:51:44.799] [bbotk]    -5.84175360        110               38        0.7553597       FALSE
INFO  [19:51:44.799] [bbotk]    -1.09121662        187              170        0.2417934       FALSE
INFO  [19:51:44.799] [bbotk]    -6.26575004        127               10        0.5725319       FALSE
INFO  [19:51:44.799] [bbotk]    -4.66725694        176              105        0.3415179       FALSE
INFO  [19:51:44.799] [bbotk]    -1.69783447        237              174        0.7044339       FALSE
INFO  [19:51:44.799] [bbotk]    -0.97177306         47              146        0.5102815        TRUE
INFO  [19:51:44.799] [bbotk]    -5.10522968        222               70        0.7365937        TRUE
INFO  [19:51:44.799] [bbotk]    -5.87964641        217              124        0.2822854        TRUE
INFO  [19:51:44.799] [bbotk]    -1.19418527        116               15        0.5644958        TRUE
INFO  [19:51:44.799] [bbotk]    -3.30588512         17               16        0.9497134        TRUE
INFO  [19:51:44.799] [bbotk]    -4.98727489         19              102        0.1998322       FALSE
INFO  [19:51:44.799] [bbotk]    -1.65658608        155               71        0.1971522       FALSE
INFO  [19:51:44.799] [bbotk]    -0.01384608        180              163        0.6904890        TRUE
INFO  [19:51:44.799] [bbotk]    -5.73729333        208               46        0.1450896       FALSE
INFO  [19:51:44.799] [bbotk]    -1.11889083        154               39        0.4420381        TRUE
INFO  [19:51:44.799] [bbotk]    -0.32864920        125               78        0.9368982        TRUE
INFO  [19:51:44.799] [bbotk]    -6.08512830         32              157        0.6520902       FALSE
INFO  [19:51:44.799] [bbotk]    -1.30558017        102              147        0.4862812        TRUE
INFO  [19:51:44.799] [bbotk]    -2.80068705         17              200        0.3841442       FALSE
INFO  [19:51:44.799] [bbotk]    -5.10200228        225               92        0.8413163        TRUE
INFO  [19:51:44.799] [bbotk]    -2.93717542        198              110        0.8082156       FALSE
INFO  [19:51:44.799] [bbotk]    -4.86625761        236               84        0.9440985        TRUE
INFO  [19:51:44.799] [bbotk]    -4.46232551         18               40        0.3625581       FALSE
INFO  [19:51:44.799] [bbotk]    -5.69332024         70                9        0.9677646        TRUE
INFO  [19:51:44.799] [bbotk]    -1.06373326        211               30        0.3922528       FALSE
INFO  [19:51:44.799] [bbotk]    -1.84723663        233               30        0.5627269        TRUE
INFO  [19:51:44.799] [bbotk]    -2.92509584         55              149        0.3611275        TRUE
INFO  [19:51:44.799] [bbotk]    -2.82149195        253               43        0.8949857        TRUE
INFO  [19:51:44.799] [bbotk]    -3.91250002        242               53        0.1747321       FALSE
INFO  [19:51:44.799] [bbotk]  learning_rate num_leaves min_data_in_leaf feature_fraction extra_trees
INFO  [19:51:44.799] [bbotk]    lambda_l1  lambda_l2 min_gain_to_split classif.ce warnings errors
INFO  [19:51:44.799] [bbotk]   5.50197274  3.3941454         -2.872271  0.3343728        0      0
INFO  [19:51:44.799] [bbotk]   5.35901466  2.8315980         -4.247687  0.3486947        0      0
INFO  [19:51:44.799] [bbotk]   4.67525027 -0.2700161         -6.853064  0.3354592        0      0
INFO  [19:51:44.799] [bbotk]   0.53439698  1.2952692         -5.835407  0.3336312        0      0
INFO  [19:51:44.799] [bbotk]  -6.63214511 -3.6098714         -5.178978  0.4454423        0      0
INFO  [19:51:44.799] [bbotk]   5.56912029  5.9002541         -4.168243  0.3392766        0      0
INFO  [19:51:44.799] [bbotk]  -6.17290725  6.1499187         -5.638854  0.3298695        0      0
INFO  [19:51:44.799] [bbotk]  -3.63658469  0.3516985         -6.598564  0.4454423        0      0
INFO  [19:51:44.799] [bbotk]   0.30478680 -6.2153945         -2.632525  0.4454423        0      0
INFO  [19:51:44.799] [bbotk]  -6.34580290  5.6052705         -3.660112  0.3242928        0      0
INFO  [19:51:44.799] [bbotk]  -4.09413197  6.8000804         -4.769526  0.3373521        0      0
INFO  [19:51:44.799] [bbotk]   5.96263675  5.0553743         -2.469935  0.3473209        0      0
INFO  [19:51:44.799] [bbotk]  -0.79298729  0.6578382         -2.904808  0.3368923        0      0
INFO  [19:51:44.799] [bbotk]   0.58816644 -6.1310305         -3.906532  0.4454423        0      0
INFO  [19:51:44.799] [bbotk]   0.47451251 -1.1313769         -2.328503  0.3483629        0      0
INFO  [19:51:44.799] [bbotk]   1.56749717  4.0451394         -5.585163  0.3339445        0      0
INFO  [19:51:44.799] [bbotk]  -6.16579342  2.8186630         -5.817090  0.3462827        0      0
INFO  [19:51:44.799] [bbotk]   6.34179727 -2.5251877         -2.458495  0.3425525        0      0
INFO  [19:51:44.799] [bbotk]  -3.79566571 -5.0934427         -5.404897  0.3309411        0      0
INFO  [19:51:44.799] [bbotk]   0.81595932  6.6657429         -3.092086  0.3384775        0      0
INFO  [19:51:44.799] [bbotk]   6.13240832 -0.5839579         -6.745151  0.4454423        0      0
INFO  [19:51:44.799] [bbotk]  -3.74962026 -1.6487913         -5.880646  0.3470799        0      0
INFO  [19:51:44.799] [bbotk]   0.45848955 -6.3294546         -5.222624  0.3292725        0      0
INFO  [19:51:44.799] [bbotk]  -1.64819976  5.7983637         -3.386807  0.4454423        0      0
INFO  [19:51:44.799] [bbotk]   5.13453015 -0.6917245         -3.979249  0.3525473        0      0
INFO  [19:51:44.799] [bbotk]   4.06103742  1.7030371         -2.346241  0.3315807        0      0
INFO  [19:51:44.799] [bbotk]  -1.01691465 -1.9032500         -4.377210  0.3282491        0      0
INFO  [19:51:44.799] [bbotk]  -4.96657151 -0.5621659         -3.880787  0.3503392        0      0
INFO  [19:51:44.799] [bbotk]   6.83018836 -2.4337448         -2.344116  0.3459397        0      0
INFO  [19:51:44.799] [bbotk]   0.88730749 -5.8023106         -3.446834  0.3278728        0      0
INFO  [19:51:44.799] [bbotk]   1.16087083 -1.2518758         -3.995682  0.3360377        0      0
INFO  [19:51:44.799] [bbotk]  -5.68438918  2.4593522         -3.503723  0.3411602        0      0
INFO  [19:51:44.799] [bbotk]   3.80770134 -1.8600718         -2.605198  0.3281880        0      0
INFO  [19:51:44.799] [bbotk]   6.17786815  1.7221459         -6.062663  0.3413827        0      0
INFO  [19:51:44.799] [bbotk]  -1.07753463  3.8795465         -3.502445  0.3245097        0      0
INFO  [19:51:44.799] [bbotk]   4.64932825  4.3283614         -6.058883  0.3362379        0      0
INFO  [19:51:44.799] [bbotk]   2.58765421  4.4737483         -5.434507  0.4454423        0      0
INFO  [19:51:44.799] [bbotk]  -3.60319811 -1.8298825         -5.517169  0.3312210        0      0
INFO  [19:51:44.799] [bbotk]   4.68338731 -1.3585960         -6.803380  0.3372094        0      0
INFO  [19:51:44.799] [bbotk]   2.97588689 -0.5757710         -6.354710  0.3303682        0      0
INFO  [19:51:44.799] [bbotk]   1.50957737 -4.8318243         -6.031268  0.3254682        0      0
INFO  [19:51:44.799] [bbotk]   3.79047594  6.0611765         -5.400553  0.3297064        0      0
INFO  [19:51:44.799] [bbotk]  -6.20948007 -2.3310318         -4.422420  0.3266844        0      0
INFO  [19:51:44.799] [bbotk]  -1.35819621 -4.2358394         -5.690122  0.3309986        0      0
INFO  [19:51:44.799] [bbotk]  -0.48594158 -0.9593211         -2.987612  0.3283233        0      0
INFO  [19:51:44.799] [bbotk]  -0.46642967 -1.9790289         -6.254509  0.3297620        0      0
INFO  [19:51:44.799] [bbotk]  -5.35647278  4.8236982         -4.812697  0.3488949        0      0
INFO  [19:51:44.799] [bbotk]  -2.86844710 -3.8082376         -5.732581  0.3259502        0      0
INFO  [19:51:44.799] [bbotk]  -0.59355109  4.5894601         -2.678098  0.3305536        0      0
INFO  [19:51:44.799] [bbotk]   5.03892240  6.3267204         -5.027030  0.3403370        0      0
INFO  [19:51:44.799] [bbotk]  -5.95667469 -0.9036540         -2.494377  0.3515943        0      0
INFO  [19:51:44.799] [bbotk]   5.80833569 -5.8015240         -5.484610  0.3423653        0      0
INFO  [19:51:44.799] [bbotk]   5.91804048 -1.3588567         -3.157152  0.3435388        0      0
INFO  [19:51:44.799] [bbotk]  -3.64577632 -4.3653757         -5.194256  0.3321999        0      0
INFO  [19:51:44.799] [bbotk]  -4.80595821 -2.8975754         -5.238003  0.3493955        0      0
INFO  [19:51:44.799] [bbotk]   6.11490822  2.5886784         -5.026746  0.3362954        0      0
INFO  [19:51:44.799] [bbotk]   4.39280753  2.4238252         -4.890436  0.3355297        0      0
INFO  [19:51:44.799] [bbotk]   1.02068676 -0.8206562         -5.072582  0.4454423        0      0
INFO  [19:51:44.799] [bbotk]  -0.25878281 -2.3696339         -3.042388  0.3311673        0      0
INFO  [19:51:44.799] [bbotk]   2.34429156  0.9949775         -4.384525  0.3496458        0      0
INFO  [19:51:44.799] [bbotk]   2.50480326 -4.3466195         -6.705169  0.3494345        0      0
INFO  [19:51:44.799] [bbotk]  -6.16490982  1.5226132         -5.174011  0.3426044        0      0
INFO  [19:51:44.799] [bbotk]  -3.91144113 -2.8880031         -4.833948  0.3347399        0      0
INFO  [19:51:44.799] [bbotk]   0.24982048 -2.7628214         -3.333660  0.3318885        0      0
INFO  [19:51:44.799] [bbotk]  -2.20180089 -3.5518309         -4.212025  0.3375839        0      0
INFO  [19:51:44.799] [bbotk]  -2.91187136 -5.8105698         -3.044588  0.3276633        0      0
INFO  [19:51:44.799] [bbotk]  -5.67774800 -5.8474347         -4.640294  0.3283455        0      0
INFO  [19:51:44.799] [bbotk]   1.39021119 -6.8319706         -3.790656  0.3256740        0      0
INFO  [19:51:44.799] [bbotk]  -5.34907138  0.1459482         -2.778300  0.3317179        0      0
INFO  [19:51:44.799] [bbotk]  -2.53180286 -5.3509094         -3.548918  0.3308521        0      0
INFO  [19:51:44.799] [bbotk]  -0.93695375 -0.1862531         -5.108444  0.3280619        0      0
INFO  [19:51:44.799] [bbotk]   4.76873459 -2.8540862         -4.483586  0.3358300        0      0
INFO  [19:51:44.799] [bbotk]  -5.99953420 -4.2417178         -4.927454  0.3283993        0      0
INFO  [19:51:44.799] [bbotk]   4.66166749  3.4291481         -5.827789  0.3395658        0      0
INFO  [19:51:44.799] [bbotk]  -2.99965341 -5.8286237         -5.239387  0.3304442        0      0
INFO  [19:51:44.799] [bbotk]  -6.80036453  3.4384296         -4.231761  0.3263395        0      0
INFO  [19:51:44.799] [bbotk]   5.83694354 -6.8856279         -3.582192  0.3417015        0      0
INFO  [19:51:44.799] [bbotk]  -0.21150563  2.7686957         -5.707854  0.3299993        0      0
INFO  [19:51:44.799] [bbotk]  -3.96336996  4.9132344         -6.844412  0.4454423        0      0
INFO  [19:51:44.799] [bbotk]  -4.05638215 -5.4851682         -2.363554  0.3304146        0      0
INFO  [19:51:44.799] [bbotk]  -2.62224193  1.4761756         -5.790547  0.3306167        0      0
INFO  [19:51:44.799] [bbotk]  -2.55300726  4.0343290         -6.715026  0.3517482        0      0
INFO  [19:51:44.799] [bbotk]   2.31339873 -0.5927187         -6.497007  0.3473080        0      0
INFO  [19:51:44.799] [bbotk]  -1.19625216 -0.1159207         -6.890781  0.3353183        0      0
INFO  [19:51:44.799] [bbotk]  -4.51635259 -0.3746722         -5.316749  0.4454423        0      0
INFO  [19:51:44.799] [bbotk]   5.02526259 -3.6649883         -4.169679  0.3396195        0      0
INFO  [19:51:44.799] [bbotk]   6.03701639  0.3241398         -6.592539  0.3421669        0      0
INFO  [19:51:44.799] [bbotk]  -3.21325471 -5.1828117         -6.286965  0.3383125        0      0
INFO  [19:51:44.799] [bbotk]   0.01085838 -6.1668894         -2.791629  0.3312767        0      0
INFO  [19:51:44.799] [bbotk]  -2.05351591 -0.5828704         -2.668985  0.3293115        0      0
INFO  [19:51:44.799] [bbotk]   5.86968886 -4.7788383         -3.455513  0.3412195        0      0
INFO  [19:51:44.799] [bbotk]   6.04116325  5.1731781         -5.458747  0.3360636        0      0
INFO  [19:51:44.799] [bbotk]  -3.59752434  0.6911415         -5.850040  0.3284419        0      0
INFO  [19:51:44.799] [bbotk]  -4.29815868  4.8211052         -3.407177  0.3368497        0      0
INFO  [19:51:44.799] [bbotk]   4.04085282 -3.2970649         -2.695999  0.3359431        0      0
INFO  [19:51:44.799] [bbotk]   2.12197214  6.0871102         -3.747284  0.3253940        0      0
INFO  [19:51:44.799] [bbotk]   3.52754495  2.3364106         -3.341362  0.3337814        0      0
INFO  [19:51:44.799] [bbotk]  -0.10869021 -1.5197989         -6.003809  0.3296229        0      0
INFO  [19:51:44.799] [bbotk]   6.08865509 -5.9166863         -4.846631  0.3410063        0      0
INFO  [19:51:44.799] [bbotk]  -0.52561939 -5.5053352         -5.630974  0.3495179        0      0
INFO  [19:51:44.799] [bbotk]    lambda_l1  lambda_l2 min_gain_to_split classif.ce warnings errors
INFO  [19:51:44.799] [bbotk]  runtime_learners internal_tuned_values
INFO  [19:51:44.799] [bbotk]           114.269    num_iterations=229
INFO  [19:51:44.799] [bbotk]           135.560    num_iterations=531
INFO  [19:51:44.799] [bbotk]            71.912    num_iterations=208
INFO  [19:51:44.799] [bbotk]            88.471    num_iterations=102
INFO  [19:51:44.799] [bbotk]            39.010      num_iterations=1
INFO  [19:51:44.799] [bbotk]           652.634   num_iterations=1609
INFO  [19:51:44.799] [bbotk]           152.495    num_iterations=339
INFO  [19:51:44.799] [bbotk]            35.932      num_iterations=1
INFO  [19:51:44.799] [bbotk]            59.189      num_iterations=1
INFO  [19:51:44.799] [bbotk]           306.616    num_iterations=398
INFO  [19:51:44.799] [bbotk]           637.260   num_iterations=1371
INFO  [19:51:44.799] [bbotk]           719.313   num_iterations=1832
INFO  [19:51:44.799] [bbotk]           908.274   num_iterations=1592
INFO  [19:51:44.799] [bbotk]            37.918      num_iterations=1
INFO  [19:51:44.799] [bbotk]           288.178    num_iterations=765
INFO  [19:51:44.799] [bbotk]            72.796     num_iterations=34
INFO  [19:51:44.799] [bbotk]           979.447   num_iterations=2451
INFO  [19:51:44.799] [bbotk]           296.987    num_iterations=933
INFO  [19:51:44.799] [bbotk]           134.455    num_iterations=211
INFO  [19:51:44.799] [bbotk]           100.394    num_iterations=392
INFO  [19:51:44.799] [bbotk]            25.510      num_iterations=1
INFO  [19:51:44.799] [bbotk]            74.043    num_iterations=140
INFO  [19:51:44.799] [bbotk]           161.801    num_iterations=313
INFO  [19:51:44.799] [bbotk]            55.463      num_iterations=1
INFO  [19:51:44.799] [bbotk]           443.659   num_iterations=1619
INFO  [19:51:44.799] [bbotk]           833.452   num_iterations=1324
INFO  [19:51:44.799] [bbotk]           190.673    num_iterations=327
INFO  [19:51:44.799] [bbotk]           219.558    num_iterations=736
INFO  [19:51:44.799] [bbotk]            71.284    num_iterations=297
INFO  [19:51:44.799] [bbotk]           170.878    num_iterations=374
INFO  [19:51:44.799] [bbotk]           111.170    num_iterations=349
INFO  [19:51:44.799] [bbotk]           542.345   num_iterations=1318
INFO  [19:51:44.799] [bbotk]           137.388    num_iterations=193
INFO  [19:51:44.799] [bbotk]            26.849     num_iterations=21
INFO  [19:51:44.799] [bbotk]           225.039    num_iterations=388
INFO  [19:51:44.799] [bbotk]           100.909    num_iterations=289
INFO  [19:51:44.799] [bbotk]            50.309      num_iterations=1
INFO  [19:51:44.799] [bbotk]           108.517    num_iterations=250
INFO  [19:51:44.799] [bbotk]           988.727   num_iterations=1783
INFO  [19:51:44.799] [bbotk]            87.007     num_iterations=62
INFO  [19:51:44.799] [bbotk]           508.242    num_iterations=640
INFO  [19:51:44.799] [bbotk]           566.900    num_iterations=992
INFO  [19:51:44.799] [bbotk]            83.845    num_iterations=209
INFO  [19:51:44.799] [bbotk]           205.406    num_iterations=830
INFO  [19:51:44.799] [bbotk]           110.190    num_iterations=201
INFO  [19:51:44.799] [bbotk]           128.011    num_iterations=155
INFO  [19:51:44.799] [bbotk]           402.021    num_iterations=949
INFO  [19:51:44.799] [bbotk]            77.189    num_iterations=115
INFO  [19:51:44.799] [bbotk]            91.380    num_iterations=225
INFO  [19:51:44.799] [bbotk]            47.830    num_iterations=182
INFO  [19:51:44.799] [bbotk]           323.668   num_iterations=1098
INFO  [19:51:44.799] [bbotk]           835.269   num_iterations=2135
INFO  [19:51:44.799] [bbotk]           120.901    num_iterations=480
INFO  [19:51:44.799] [bbotk]           541.129   num_iterations=1183
INFO  [19:51:44.799] [bbotk]           109.173    num_iterations=341
INFO  [19:51:44.799] [bbotk]            48.210     num_iterations=75
INFO  [19:51:44.799] [bbotk]           111.880    num_iterations=339
INFO  [19:51:44.799] [bbotk]            42.417      num_iterations=1
INFO  [19:51:44.799] [bbotk]           431.293    num_iterations=811
INFO  [19:51:44.799] [bbotk]           114.964    num_iterations=426
INFO  [19:51:44.799] [bbotk]            48.579    num_iterations=161
INFO  [19:51:44.799] [bbotk]           920.050   num_iterations=2138
INFO  [19:51:44.799] [bbotk]           148.459    num_iterations=393
INFO  [19:51:44.799] [bbotk]           111.638    num_iterations=323
INFO  [19:51:44.799] [bbotk]           414.443   num_iterations=1022
INFO  [19:51:44.799] [bbotk]           462.356   num_iterations=1181
INFO  [19:51:44.799] [bbotk]           163.924    num_iterations=241
INFO  [19:51:44.799] [bbotk]           101.011    num_iterations=122
INFO  [19:51:44.799] [bbotk]            85.192    num_iterations=188
INFO  [19:51:44.799] [bbotk]            51.813    num_iterations=120
INFO  [19:51:44.799] [bbotk]           221.904    num_iterations=464
INFO  [19:51:44.799] [bbotk]           877.715   num_iterations=1411
INFO  [19:51:44.799] [bbotk]           129.263    num_iterations=233
INFO  [19:51:44.799] [bbotk]           893.009   num_iterations=1553
INFO  [19:51:44.799] [bbotk]           960.402   num_iterations=1773
INFO  [19:51:44.799] [bbotk]            94.396     num_iterations=95
INFO  [19:51:44.799] [bbotk]            48.978    num_iterations=189
INFO  [19:51:44.799] [bbotk]          1029.824   num_iterations=1350
INFO  [19:51:44.799] [bbotk]            33.255      num_iterations=1
INFO  [19:51:44.799] [bbotk]            90.682    num_iterations=232
INFO  [19:51:44.799] [bbotk]           299.510   num_iterations=1059
INFO  [19:51:44.799] [bbotk]           487.801   num_iterations=1496
INFO  [19:51:44.799] [bbotk]           105.030    num_iterations=246
INFO  [19:51:44.799] [bbotk]            78.985     num_iterations=43
INFO  [19:51:44.799] [bbotk]            41.577      num_iterations=1
INFO  [19:51:44.799] [bbotk]            63.121    num_iterations=250
INFO  [19:51:44.799] [bbotk]            34.247    num_iterations=104
INFO  [19:51:44.799] [bbotk]           760.453   num_iterations=1632
INFO  [19:51:44.799] [bbotk]           104.816    num_iterations=292
INFO  [19:51:44.799] [bbotk]           247.182   num_iterations=1011
INFO  [19:51:44.799] [bbotk]           562.667   num_iterations=1379
INFO  [19:51:44.799] [bbotk]            92.715    num_iterations=180
INFO  [19:51:44.799] [bbotk]           788.009    num_iterations=959
INFO  [19:51:44.799] [bbotk]           412.182   num_iterations=1206
INFO  [19:51:44.799] [bbotk]           829.932   num_iterations=1490
INFO  [19:51:44.799] [bbotk]           145.740    num_iterations=213
INFO  [19:51:44.799] [bbotk]            95.287    num_iterations=256
INFO  [19:51:44.799] [bbotk]           408.294    num_iterations=871
INFO  [19:51:44.799] [bbotk]           107.350    num_iterations=330
INFO  [19:51:44.799] [bbotk]           402.724    num_iterations=887
INFO  [19:51:44.799] [bbotk]  runtime_learners internal_tuned_values
INFO  [19:51:44.878] [bbotk] Finished optimizing after 100 evaluation(s)
INFO  [19:51:44.879] [bbotk] Result:
INFO  [19:51:44.883] [bbotk]  learning_rate num_leaves min_data_in_leaf feature_fraction extra_trees
INFO  [19:51:44.883] [bbotk]          <num>      <int>            <int>            <num>      <lgcl>
INFO  [19:51:44.883] [bbotk]      -2.307346        205              133        0.4457966       FALSE
INFO  [19:51:44.883] [bbotk]  lambda_l1 lambda_l2 min_gain_to_split internal_tuned_values learner_param_vals
INFO  [19:51:44.883] [bbotk]      <num>     <num>             <num>                <list>             <list>
INFO  [19:51:44.883] [bbotk]  -6.345803   5.60527         -3.660112    num_iterations=398         <list[12]>
INFO  [19:51:44.883] [bbotk]   x_domain classif.ce
INFO  [19:51:44.883] [bbotk]     <list>      <num>
INFO  [19:51:44.883] [bbotk]  <list[8]>  0.3242928
