Waiting for workers to connect... 193/448
Waiting for workers to connect... 216/448
Waiting for workers to connect... 234/448
Waiting for workers to connect... 251/448
Waiting for workers to connect... 269/448
Waiting for workers to connect... 286/448
Waiting for workers to connect... 302/448
Waiting for workers to connect... 323/448
Waiting for workers to connect... 343/448
Waiting for workers to connect... 360/448
Waiting for workers to connect... 378/448
Waiting for workers to connect... 395/448
Waiting for workers to connect... 413/448
Waiting for workers to connect... 435/448
Waiting for workers to connect... 448/448
INFO  [18:37:11.477] [bbotk] Starting to optimize 8 parameter(s) with '<OptimizerBatchRandomSearch>' and '<TerminatorEvals> [n_evals=100, k=0]'
INFO  [18:37:11.596] [bbotk] Evaluating 100 configuration(s)
INFO  [18:37:11.860] [mlr3] Running benchmark with 1000 resampling iterations
INFO  [18:46:32.217] [mlr3] Finished benchmark
INFO  [18:46:38.763] [bbotk] Result of batch 1:
INFO  [18:46:38.775] [bbotk]  learning_rate num_leaves min_data_in_leaf feature_fraction extra_trees
INFO  [18:46:38.775] [bbotk]    -4.89470518        149               27        0.6696477       FALSE
INFO  [18:46:38.775] [bbotk]    -5.67500281         50               18        0.4277121        TRUE
INFO  [18:46:38.775] [bbotk]    -4.44372815        142              160        0.8312960        TRUE
INFO  [18:46:38.775] [bbotk]    -0.79761410        113              178        0.5192516       FALSE
INFO  [18:46:38.775] [bbotk]    -4.95656366         92               69        0.6199294        TRUE
INFO  [18:46:38.775] [bbotk]    -2.73422069        108              151        0.9356732        TRUE
INFO  [18:46:38.775] [bbotk]    -1.47118346        246               67        0.9147100       FALSE
INFO  [18:46:38.775] [bbotk]    -2.82627486        185               11        0.3723229        TRUE
INFO  [18:46:38.775] [bbotk]    -1.96285599        198               70        0.5396767       FALSE
INFO  [18:46:38.775] [bbotk]    -1.83377988        229               77        0.6281787       FALSE
INFO  [18:46:38.775] [bbotk]    -5.67971171        116               57        0.8790578        TRUE
INFO  [18:46:38.775] [bbotk]    -0.37474026        147               93        0.1759607       FALSE
INFO  [18:46:38.775] [bbotk]    -6.39690609        250              125        0.9684600        TRUE
INFO  [18:46:38.775] [bbotk]    -0.32773485         29               96        0.5153604        TRUE
INFO  [18:46:38.775] [bbotk]    -5.24756099        177              103        0.6600270       FALSE
INFO  [18:46:38.775] [bbotk]    -1.37674063        228               40        0.5285055        TRUE
INFO  [18:46:38.775] [bbotk]    -2.47721590         46                7        0.3956790        TRUE
INFO  [18:46:38.775] [bbotk]    -6.40361160        166               27        0.9340545        TRUE
INFO  [18:46:38.775] [bbotk]    -2.93107386        254              133        0.4367122        TRUE
INFO  [18:46:38.775] [bbotk]    -4.94463498        166              194        0.3920058       FALSE
INFO  [18:46:38.775] [bbotk]    -1.95088182         47               50        0.6991394        TRUE
INFO  [18:46:38.775] [bbotk]    -1.76521980        172              136        0.6453722        TRUE
INFO  [18:46:38.775] [bbotk]    -2.48596549        127              146        0.7212207        TRUE
INFO  [18:46:38.775] [bbotk]    -0.43252083        190              194        0.8915556       FALSE
INFO  [18:46:38.775] [bbotk]    -2.63241061         98               13        0.3481465       FALSE
INFO  [18:46:38.775] [bbotk]    -1.03251787         76               19        0.8055799        TRUE
INFO  [18:46:38.775] [bbotk]    -1.94954992        154              116        0.6984685        TRUE
INFO  [18:46:38.775] [bbotk]    -0.98926382        197               74        0.3780129        TRUE
INFO  [18:46:38.775] [bbotk]    -0.44628894        112              164        0.6425436        TRUE
INFO  [18:46:38.775] [bbotk]    -5.60702258        156              101        0.9484416        TRUE
INFO  [18:46:38.775] [bbotk]    -0.33025425        199              131        0.9370177        TRUE
INFO  [18:46:38.775] [bbotk]    -4.98333125        171               27        0.2613581       FALSE
INFO  [18:46:38.775] [bbotk]    -3.00302043        101              195        0.6040259        TRUE
INFO  [18:46:38.775] [bbotk]    -5.73516482        194               68        0.7925188        TRUE
INFO  [18:46:38.775] [bbotk]    -4.36479002         58               95        0.7124357       FALSE
INFO  [18:46:38.775] [bbotk]    -3.83851417        149               18        0.1289104        TRUE
INFO  [18:46:38.775] [bbotk]    -5.93895303        206               60        0.8165634       FALSE
INFO  [18:46:38.775] [bbotk]    -3.18995819        190               32        0.4039165        TRUE
INFO  [18:46:38.775] [bbotk]    -6.11382422         60              136        0.1332680       FALSE
INFO  [18:46:38.775] [bbotk]    -0.61088558        173               97        0.2557956       FALSE
INFO  [18:46:38.775] [bbotk]    -4.66941075        239              171        0.1711222        TRUE
INFO  [18:46:38.775] [bbotk]    -1.79507543        163                8        0.5103506       FALSE
INFO  [18:46:38.775] [bbotk]    -0.26706002         59               67        0.8127752        TRUE
INFO  [18:46:38.775] [bbotk]    -0.22925908        130               71        0.6454667       FALSE
INFO  [18:46:38.775] [bbotk]    -0.49100831        169              150        0.8867558        TRUE
INFO  [18:46:38.775] [bbotk]    -3.64484621        253               66        0.2761658       FALSE
INFO  [18:46:38.775] [bbotk]    -3.64345446         80               82        0.7305661       FALSE
INFO  [18:46:38.775] [bbotk]    -2.67981234         23              185        0.6959127        TRUE
INFO  [18:46:38.775] [bbotk]    -5.56913746        241               48        0.7839502       FALSE
INFO  [18:46:38.775] [bbotk]    -2.58640184         95               43        0.1204777        TRUE
INFO  [18:46:38.775] [bbotk]    -1.97298068         76              146        0.6867938       FALSE
INFO  [18:46:38.775] [bbotk]    -2.32955808        175               91        0.1646601        TRUE
INFO  [18:46:38.775] [bbotk]    -0.67278769         98               42        0.5374914       FALSE
INFO  [18:46:38.775] [bbotk]    -0.21167488        128               80        0.1078482       FALSE
INFO  [18:46:38.775] [bbotk]    -5.32543148        214               28        0.2328987        TRUE
INFO  [18:46:38.775] [bbotk]    -5.32605771         21               47        0.5587588        TRUE
INFO  [18:46:38.775] [bbotk]    -3.71989556        142               77        0.7912033        TRUE
INFO  [18:46:38.775] [bbotk]    -4.77935956        120              183        0.3807776       FALSE
INFO  [18:46:38.775] [bbotk]    -6.25871930         57              121        0.1198414       FALSE
INFO  [18:46:38.775] [bbotk]    -3.11605728        253              185        0.8690127       FALSE
INFO  [18:46:38.775] [bbotk]    -4.59585021        213              129        0.2461488        TRUE
INFO  [18:46:38.775] [bbotk]    -4.96914029        216               94        0.3373760       FALSE
INFO  [18:46:38.775] [bbotk]    -6.00490502        163              136        0.2714833        TRUE
INFO  [18:46:38.775] [bbotk]    -6.78249682         20              134        0.1738271       FALSE
INFO  [18:46:38.775] [bbotk]    -3.43307251        239               56        0.3592217       FALSE
INFO  [18:46:38.775] [bbotk]    -3.86576089        101              169        0.9324161       FALSE
INFO  [18:46:38.775] [bbotk]    -4.21163529        174                8        0.2928027        TRUE
INFO  [18:46:38.775] [bbotk]    -2.96769531        122              137        0.5755017       FALSE
INFO  [18:46:38.775] [bbotk]    -0.52773034        242              121        0.7630869       FALSE
INFO  [18:46:38.775] [bbotk]    -0.90096605        143              128        0.1472814        TRUE
INFO  [18:46:38.775] [bbotk]    -1.60499624         30              200        0.6980499        TRUE
INFO  [18:46:38.775] [bbotk]    -3.01485878        219              168        0.6053287        TRUE
INFO  [18:46:38.775] [bbotk]    -3.97025102        200               95        0.1166250        TRUE
INFO  [18:46:38.775] [bbotk]    -0.72782924         36               67        0.7495055        TRUE
INFO  [18:46:38.775] [bbotk]    -1.28076272        142              135        0.2775210       FALSE
INFO  [18:46:38.775] [bbotk]    -4.04966269        156              129        0.8304048        TRUE
INFO  [18:46:38.775] [bbotk]    -0.13159999        217               57        0.4896177       FALSE
INFO  [18:46:38.775] [bbotk]    -1.25299557        175               70        0.1141963       FALSE
INFO  [18:46:38.775] [bbotk]    -5.17673047        144              110        0.2762712        TRUE
INFO  [18:46:38.775] [bbotk]    -2.77524306        152               21        0.7933567       FALSE
INFO  [18:46:38.775] [bbotk]    -0.31152879         65               84        0.6326679        TRUE
INFO  [18:46:38.775] [bbotk]    -4.71984645         97              136        0.2945230       FALSE
INFO  [18:46:38.775] [bbotk]    -5.02054063        254              142        0.8467742       FALSE
INFO  [18:46:38.775] [bbotk]    -2.14712589         99              127        0.6320507       FALSE
INFO  [18:46:38.775] [bbotk]    -4.68890017        247               97        0.7541275        TRUE
INFO  [18:46:38.775] [bbotk]    -1.09494736        218               26        0.1824771       FALSE
INFO  [18:46:38.775] [bbotk]    -1.67497679        162               32        0.4675659       FALSE
INFO  [18:46:38.775] [bbotk]    -2.74038619        147               43        0.7152468       FALSE
INFO  [18:46:38.775] [bbotk]    -5.16254595        202              190        0.1539459        TRUE
INFO  [18:46:38.775] [bbotk]    -6.26698133         37               80        0.8443294        TRUE
INFO  [18:46:38.775] [bbotk]    -5.62384342         85              196        0.9892886       FALSE
INFO  [18:46:38.775] [bbotk]    -5.98338659        164               66        0.5220987        TRUE
INFO  [18:46:38.775] [bbotk]    -5.75910080        234              144        0.1458697       FALSE
INFO  [18:46:38.775] [bbotk]    -1.59873160         76              150        0.5992617        TRUE
INFO  [18:46:38.775] [bbotk]    -1.48587023         50              146        0.1541778       FALSE
INFO  [18:46:38.775] [bbotk]    -5.74582155        169               13        0.2962143       FALSE
INFO  [18:46:38.775] [bbotk]    -0.12993190        140               39        0.3755883        TRUE
INFO  [18:46:38.775] [bbotk]    -3.02704181        179              199        0.6542718        TRUE
INFO  [18:46:38.775] [bbotk]    -5.56645017         53               82        0.8575811        TRUE
INFO  [18:46:38.775] [bbotk]    -0.02638513        152              196        0.7045537        TRUE
INFO  [18:46:38.775] [bbotk]  learning_rate num_leaves min_data_in_leaf feature_fraction extra_trees
INFO  [18:46:38.775] [bbotk]    lambda_l1   lambda_l2 min_gain_to_split classif.ce warnings errors
INFO  [18:46:38.775] [bbotk]   1.60859954  6.89397660         -3.778867  0.3295562        0      0
INFO  [18:46:38.775] [bbotk]  -3.88581973 -6.38499025         -5.038079  0.3376710        0      0
INFO  [18:46:38.775] [bbotk]  -5.36303805 -4.99170512         -5.444471  0.3284827        0      0
INFO  [18:46:38.775] [bbotk]   3.06638815 -2.63047923         -4.275585  0.3272443        0      0
INFO  [18:46:38.775] [bbotk]   2.94452298 -1.92210773         -5.549442  0.3342690        0      0
INFO  [18:46:38.775] [bbotk]  -5.90023659  3.91857256         -3.169596  0.3275409        0      0
INFO  [18:46:38.775] [bbotk]   6.89448567 -0.85775726         -4.717629  0.3412399        0      0
INFO  [18:46:38.775] [bbotk]   2.18660709  1.03994924         -3.199537  0.3326968        0      0
INFO  [18:46:38.775] [bbotk]  -1.40705015  2.88407352         -4.137918  0.3246506        0      0
INFO  [18:46:38.775] [bbotk]  -3.05514060 -3.67480957         -2.840357  0.3250603        0      0
INFO  [18:46:38.775] [bbotk]  -3.77391267 -3.97308497         -2.841076  0.3317698        0      0
INFO  [18:46:38.775] [bbotk]  -2.34788762  2.30545394         -3.458361  0.3471226        0      0
INFO  [18:46:38.775] [bbotk]   3.21768244 -3.85262778         -4.277367  0.3358541        0      0
INFO  [18:46:38.775] [bbotk]   1.62174537  5.76688205         -5.044516  0.3304609        0      0
INFO  [18:46:38.775] [bbotk]   5.72106522  2.75580450         -4.526270  0.3378657        0      0
INFO  [18:46:38.775] [bbotk]  -2.79806032 -3.26251162         -3.042641  0.3294116        0      0
INFO  [18:46:38.775] [bbotk]  -4.69892966  2.66772116         -3.901052  0.3300141        0      0
INFO  [18:46:38.775] [bbotk]  -4.59203979 -4.40851009         -6.075333  0.3327524        0      0
INFO  [18:46:38.775] [bbotk]   1.99344405 -6.02606303         -4.805048  0.3320016        0      0
INFO  [18:46:38.775] [bbotk]  -3.50843484  0.48926837         -3.683287  0.3273277        0      0
INFO  [18:46:38.775] [bbotk]   6.69852870 -4.98886295         -6.083218  0.3447476        0      0
INFO  [18:46:38.775] [bbotk]  -2.27048430 -0.78901986         -5.823217  0.3285421        0      0
INFO  [18:46:38.775] [bbotk]  -3.31848885 -1.88914509         -5.967116  0.3279358        0      0
INFO  [18:46:38.775] [bbotk]   2.64145417  3.32751001         -3.427647  0.3307483        0      0
INFO  [18:46:38.775] [bbotk]  -0.98554990  6.18688579         -3.980989  0.3301550        0      0
INFO  [18:46:38.775] [bbotk]   0.99373616  0.91311210         -4.562414  0.3287182        0      0
INFO  [18:46:38.775] [bbotk]   2.46216429 -3.35728920         -6.599701  0.3290482        0      0
INFO  [18:46:38.775] [bbotk]   2.56880687 -0.87196365         -6.181445  0.3316252        0      0
INFO  [18:46:38.775] [bbotk]  -2.13715637  5.57106837         -6.054098  0.3302514        0      0
INFO  [18:46:38.775] [bbotk]  -5.06792490  1.25437170         -3.399574  0.3309522        0      0
INFO  [18:46:38.775] [bbotk]  -3.04510076  2.51569299         -6.803605  0.3339408        0      0
INFO  [18:46:38.775] [bbotk]   1.29228619 -0.39767392         -6.424461  0.3321165        0      0
INFO  [18:46:38.775] [bbotk]   1.02285647  4.06167521         -5.305625  0.3295747        0      0
INFO  [18:46:38.775] [bbotk]  -0.35597556  0.79852963         -5.821551  0.3313786        0      0
INFO  [18:46:38.775] [bbotk]  -3.52956816  6.81336767         -5.156096  0.3299937        0      0
INFO  [18:46:38.775] [bbotk]  -1.10570317  3.57281330         -3.988672  0.3505524        0      0
INFO  [18:46:38.775] [bbotk]  -4.26885603 -2.71100869         -3.681831  0.3295024        0      0
INFO  [18:46:38.775] [bbotk]   2.24032146  6.58769875         -2.550919  0.3351366        0      0
INFO  [18:46:38.775] [bbotk]   3.96736605 -1.77212702         -3.589005  0.4454423        0      0
INFO  [18:46:38.775] [bbotk]  -2.44803425 -0.14373273         -4.550342  0.3286737        0      0
INFO  [18:46:38.775] [bbotk]  -1.12073767 -0.68156854         -6.850685  0.3541602        0      0
INFO  [18:46:38.775] [bbotk]   2.86126342 -2.62278027         -5.179093  0.3252624        0      0
INFO  [18:46:38.775] [bbotk]   5.48911944  1.54621699         -2.403750  0.3410731        0      0
INFO  [18:46:38.775] [bbotk]  -5.08120493 -4.46609621         -5.681491  0.3333012        0      0
INFO  [18:46:38.775] [bbotk]  -1.98534343 -6.71232741         -5.035083  0.3315789        0      0
INFO  [18:46:38.775] [bbotk]  -4.20284817  2.11092786         -5.144568  0.3285495        0      0
INFO  [18:46:38.775] [bbotk]  -1.94802727 -3.94931804         -5.278440  0.3269513        0      0
INFO  [18:46:38.775] [bbotk]   6.83683171 -4.10539584         -5.235163  0.3451277        0      0
INFO  [18:46:38.775] [bbotk]  -5.62928719 -1.48987430         -6.547834  0.3271405        0      0
INFO  [18:46:38.775] [bbotk]  -2.68298853 -5.49467746         -3.796508  0.3499072        0      0
INFO  [18:46:38.775] [bbotk]  -5.45324651 -1.27262588         -3.749768  0.3263914        0      0
INFO  [18:46:38.775] [bbotk]  -0.11871137 -0.57684996         -4.708674  0.3495253        0      0
INFO  [18:46:38.775] [bbotk]   4.05254651  3.91387097         -5.526259  0.3296229        0      0
INFO  [18:46:38.775] [bbotk]   4.07143378 -3.47599548         -5.628633  0.3482887        0      0
INFO  [18:46:38.775] [bbotk]   5.69920340 -1.67769994         -6.394086  0.3533463        0      0
INFO  [18:46:38.775] [bbotk]   5.19004127  5.05409965         -6.581897  0.3423263        0      0
INFO  [18:46:38.775] [bbotk]   3.60943741  2.55517712         -5.793498  0.3313471        0      0
INFO  [18:46:38.775] [bbotk]  -1.27361414 -3.52657783         -3.431866  0.3273407        0      0
INFO  [18:46:38.775] [bbotk]   0.24074035  5.96600951         -2.441315  0.4454423        0      0
INFO  [18:46:38.775] [bbotk]   3.97497734  2.04729641         -2.372279  0.3288888        0      0
INFO  [18:46:38.775] [bbotk]   4.59519807  6.71964198         -3.358091  0.3496495        0      0
INFO  [18:46:38.775] [bbotk]   4.14876248 -5.14284744         -2.446067  0.3431810        0      0
INFO  [18:46:38.775] [bbotk]   5.38140866 -1.49443850         -3.615504  0.4454423        0      0
INFO  [18:46:38.775] [bbotk]  -3.63079233 -1.29047000         -3.111811  0.4454423        0      0
INFO  [18:46:38.775] [bbotk]   4.03877050 -1.12293414         -5.494539  0.3297861        0      0
INFO  [18:46:38.775] [bbotk]   2.47265671 -6.14237061         -6.351870  0.3284901        0      0
INFO  [18:46:38.775] [bbotk]  -4.71617196  4.95470084         -2.896075  0.3416682        0      0
INFO  [18:46:38.775] [bbotk]  -2.06705781 -0.70625855         -3.266948  0.3247433        0      0
INFO  [18:46:38.775] [bbotk]   2.99666825 -3.37779094         -2.656022  0.3286014        0      0
INFO  [18:46:38.775] [bbotk]  -1.81652389 -3.91148073         -2.523487  0.3491879        0      0
INFO  [18:46:38.775] [bbotk]   2.49113298  0.21439983         -3.311235  0.3317457        0      0
INFO  [18:46:38.775] [bbotk]   0.05292281  1.29801585         -5.345030  0.3284883        0      0
INFO  [18:46:38.775] [bbotk]   1.73195349  2.91422381         -4.084824  0.3517538        0      0
INFO  [18:46:38.775] [bbotk]   0.48702531 -6.31436758         -3.691380  0.3301680        0      0
INFO  [18:46:38.775] [bbotk]  -3.15555084 -3.45612502         -4.963467  0.3280192        0      0
INFO  [18:46:38.775] [bbotk]   0.73714151  5.09768153         -3.650138  0.3290945        0      0
INFO  [18:46:38.775] [bbotk]   4.73780002  2.22657413         -3.696394  0.3356316        0      0
INFO  [18:46:38.775] [bbotk]  -4.98867885  4.77411459         -3.412859  0.3471745        0      0
INFO  [18:46:38.775] [bbotk]   5.14272846 -2.26998027         -6.501066  0.3508657        0      0
INFO  [18:46:38.775] [bbotk]  -1.01984105 -2.03041871         -4.368435  0.3263581        0      0
INFO  [18:46:38.775] [bbotk]   6.15966009  2.84921384         -2.747603  0.3452519        0      0
INFO  [18:46:38.775] [bbotk]   3.19858495  2.19230998         -6.017007  0.3367032        0      0
INFO  [18:46:38.775] [bbotk]  -5.94734314  5.77237178         -6.718118  0.3285532        0      0
INFO  [18:46:38.775] [bbotk]  -3.37069087  2.58960735         -3.524499  0.3256295        0      0
INFO  [18:46:38.775] [bbotk]  -6.04326815 -3.80642234         -5.863331  0.3290259        0      0
INFO  [18:46:38.775] [bbotk]   0.31819028 -3.34664709         -5.848843  0.3471726        0      0
INFO  [18:46:38.775] [bbotk]   6.38714083 -1.56685378         -5.779083  0.3410675        0      0
INFO  [18:46:38.775] [bbotk]  -2.70327982 -2.70778117         -4.559444  0.3251196        0      0
INFO  [18:46:38.775] [bbotk]   5.53231232  0.03796741         -4.640684  0.4454423        0      0
INFO  [18:46:38.775] [bbotk]   0.19320488  1.64433099         -2.910551  0.3385350        0      0
INFO  [18:46:38.775] [bbotk]  -1.44414615  0.86760026         -5.273676  0.3311951        0      0
INFO  [18:46:38.775] [bbotk]  -3.36021070 -3.31371207         -6.034882  0.3333642        0      0
INFO  [18:46:38.775] [bbotk]  -6.11732854  5.31800818         -6.329943  0.4454423        0      0
INFO  [18:46:38.775] [bbotk]   2.32071852 -1.91827741         -5.845045  0.3295135        0      0
INFO  [18:46:38.775] [bbotk]  -2.68891471 -2.48923335         -4.223120  0.3470299        0      0
INFO  [18:46:38.775] [bbotk]  -1.17590963  3.73607246         -4.895141  0.3376599        0      0
INFO  [18:46:38.775] [bbotk]   4.21819113  2.39465655         -6.819885  0.3339371        0      0
INFO  [18:46:38.775] [bbotk]  -4.07340937  3.59141567         -6.120986  0.3284698        0      0
INFO  [18:46:38.775] [bbotk]  -3.05498118 -5.13171600         -3.402796  0.3342653        0      0
INFO  [18:46:38.775] [bbotk]   1.62965611  5.65196598         -5.909573  0.3321239        0      0
INFO  [18:46:38.775] [bbotk]    lambda_l1   lambda_l2 min_gain_to_split classif.ce warnings errors
INFO  [18:46:38.775] [bbotk]  runtime_learners internal_tuned_values
INFO  [18:46:38.775] [bbotk]           994.916   num_iterations=1416
INFO  [18:46:38.775] [bbotk]          1091.123   num_iterations=2354
INFO  [18:46:38.775] [bbotk]           632.432    num_iterations=906
INFO  [18:46:38.775] [bbotk]            86.795    num_iterations=117
INFO  [18:46:38.775] [bbotk]           759.839   num_iterations=1475
INFO  [18:46:38.775] [bbotk]           218.850    num_iterations=338
INFO  [18:46:38.775] [bbotk]            32.401     num_iterations=39
INFO  [18:46:38.775] [bbotk]           210.797    num_iterations=540
INFO  [18:46:38.775] [bbotk]           117.457    num_iterations=185
INFO  [18:46:38.775] [bbotk]            90.431    num_iterations=120
INFO  [18:46:38.775] [bbotk]          1030.613   num_iterations=1561
INFO  [18:46:38.775] [bbotk]            58.693    num_iterations=153
INFO  [18:46:38.775] [bbotk]          1247.844   num_iterations=1862
INFO  [18:46:38.775] [bbotk]           125.186    num_iterations=278
INFO  [18:46:38.775] [bbotk]           572.766   num_iterations=1062
INFO  [18:46:38.775] [bbotk]           106.609    num_iterations=196
INFO  [18:46:38.775] [bbotk]           269.620    num_iterations=662
INFO  [18:46:38.775] [bbotk]          1351.339   num_iterations=1848
INFO  [18:46:38.775] [bbotk]           258.420    num_iterations=563
INFO  [18:46:38.775] [bbotk]           855.994   num_iterations=1358
INFO  [18:46:38.775] [bbotk]            61.992    num_iterations=215
INFO  [18:46:38.775] [bbotk]           133.358    num_iterations=149
INFO  [18:46:38.775] [bbotk]           197.245    num_iterations=299
INFO  [18:46:38.775] [bbotk]            77.104     num_iterations=32
INFO  [18:46:38.775] [bbotk]           483.877    num_iterations=872
INFO  [18:46:38.775] [bbotk]           137.635    num_iterations=255
INFO  [18:46:38.775] [bbotk]           180.988    num_iterations=363
INFO  [18:46:38.775] [bbotk]           119.669    num_iterations=296
INFO  [18:46:38.775] [bbotk]           115.850    num_iterations=133
INFO  [18:46:38.775] [bbotk]           975.814   num_iterations=1342
INFO  [18:46:38.775] [bbotk]            73.766     num_iterations=25
INFO  [18:46:38.775] [bbotk]          1135.327   num_iterations=2025
INFO  [18:46:38.775] [bbotk]           344.986    num_iterations=609
INFO  [18:46:38.775] [bbotk]          1102.116   num_iterations=1410
INFO  [18:46:38.775] [bbotk]           650.178   num_iterations=1089
INFO  [18:46:38.775] [bbotk]           329.187   num_iterations=1116
INFO  [18:46:38.775] [bbotk]          1257.261   num_iterations=1456
INFO  [18:46:38.775] [bbotk]           322.081    num_iterations=846
INFO  [18:46:38.775] [bbotk]            34.500      num_iterations=1
INFO  [18:46:38.775] [bbotk]           106.719    num_iterations=189
INFO  [18:46:38.775] [bbotk]           369.044   num_iterations=1184
INFO  [18:46:38.775] [bbotk]           151.716    num_iterations=202
INFO  [18:46:38.775] [bbotk]            34.854     num_iterations=79
INFO  [18:46:38.775] [bbotk]            50.128     num_iterations=42
INFO  [18:46:38.775] [bbotk]            75.927     num_iterations=38
INFO  [18:46:38.775] [bbotk]           495.092    num_iterations=802
INFO  [18:46:38.775] [bbotk]           289.805    num_iterations=653
INFO  [18:46:38.775] [bbotk]            85.522    num_iterations=333
INFO  [18:46:38.775] [bbotk]          1123.484   num_iterations=1375
INFO  [18:46:38.775] [bbotk]           139.253    num_iterations=469
INFO  [18:46:38.775] [bbotk]           108.249    num_iterations=290
INFO  [18:46:38.775] [bbotk]           130.988    num_iterations=440
INFO  [18:46:38.775] [bbotk]            52.607     num_iterations=67
INFO  [18:46:38.775] [bbotk]            45.724    num_iterations=126
INFO  [18:46:38.775] [bbotk]           456.901   num_iterations=1657
INFO  [18:46:38.775] [bbotk]           645.400   num_iterations=1701
INFO  [18:46:38.775] [bbotk]           346.025    num_iterations=646
INFO  [18:46:38.775] [bbotk]           868.234   num_iterations=1556
INFO  [18:46:38.775] [bbotk]            32.316      num_iterations=1
INFO  [18:46:38.775] [bbotk]           162.177    num_iterations=228
INFO  [18:46:38.775] [bbotk]           385.818   num_iterations=1342
INFO  [18:46:38.775] [bbotk]           654.576   num_iterations=1434
INFO  [18:46:38.775] [bbotk]            27.352      num_iterations=1
INFO  [18:46:38.775] [bbotk]            31.564      num_iterations=1
INFO  [18:46:38.775] [bbotk]           413.045    num_iterations=722
INFO  [18:46:38.775] [bbotk]           339.548    num_iterations=547
INFO  [18:46:38.775] [bbotk]           564.486   num_iterations=1456
INFO  [18:46:38.775] [bbotk]           240.113    num_iterations=545
INFO  [18:46:38.775] [bbotk]            51.062     num_iterations=48
INFO  [18:46:38.775] [bbotk]            58.135    num_iterations=206
INFO  [18:46:38.775] [bbotk]            93.623    num_iterations=244
INFO  [18:46:38.775] [bbotk]           391.636    num_iterations=572
INFO  [18:46:38.775] [bbotk]           283.678   num_iterations=1005
INFO  [18:46:38.775] [bbotk]           102.671    num_iterations=233
INFO  [18:46:38.775] [bbotk]           141.300    num_iterations=303
INFO  [18:46:38.775] [bbotk]           651.767    num_iterations=955
INFO  [18:46:38.775] [bbotk]            33.044     num_iterations=44
INFO  [18:46:38.775] [bbotk]            92.716    num_iterations=231
INFO  [18:46:38.775] [bbotk]           523.927   num_iterations=1798
INFO  [18:46:38.775] [bbotk]           136.072    num_iterations=234
INFO  [18:46:38.775] [bbotk]            33.115     num_iterations=96
INFO  [18:46:38.775] [bbotk]           951.861   num_iterations=1872
INFO  [18:46:38.775] [bbotk]           938.763   num_iterations=1024
INFO  [18:46:38.775] [bbotk]           133.427    num_iterations=324
INFO  [18:46:38.775] [bbotk]           808.347   num_iterations=1004
INFO  [18:46:38.775] [bbotk]            94.983    num_iterations=203
INFO  [18:46:38.775] [bbotk]            43.749     num_iterations=99
INFO  [18:46:38.775] [bbotk]           151.890    num_iterations=316
INFO  [18:46:38.775] [bbotk]            23.706      num_iterations=1
INFO  [18:46:38.775] [bbotk]           955.853   num_iterations=1893
INFO  [18:46:38.775] [bbotk]           864.538   num_iterations=1396
INFO  [18:46:38.775] [bbotk]          1551.740   num_iterations=2345
INFO  [18:46:38.775] [bbotk]            34.963      num_iterations=1
INFO  [18:46:38.775] [bbotk]           142.621    num_iterations=313
INFO  [18:46:38.775] [bbotk]           105.846    num_iterations=262
INFO  [18:46:38.775] [bbotk]          1313.538   num_iterations=2306
INFO  [18:46:38.775] [bbotk]            82.991    num_iterations=302
INFO  [18:46:38.775] [bbotk]           302.530    num_iterations=393
INFO  [18:46:38.775] [bbotk]           804.100   num_iterations=1481
INFO  [18:46:38.775] [bbotk]           109.166    num_iterations=135
INFO  [18:46:38.775] [bbotk]  runtime_learners internal_tuned_values
INFO  [18:46:38.851] [bbotk] Finished optimizing after 100 evaluation(s)
INFO  [18:46:38.852] [bbotk] Result:
INFO  [18:46:38.855] [bbotk]  learning_rate num_leaves min_data_in_leaf feature_fraction extra_trees
INFO  [18:46:38.855] [bbotk]          <num>      <int>            <int>            <num>      <lgcl>
INFO  [18:46:38.855] [bbotk]      -1.962856        198               70        0.5396767       FALSE
INFO  [18:46:38.855] [bbotk]  lambda_l1 lambda_l2 min_gain_to_split internal_tuned_values learner_param_vals
INFO  [18:46:38.855] [bbotk]      <num>     <num>             <num>                <list>             <list>
INFO  [18:46:38.855] [bbotk]   -1.40705  2.884074         -4.137918    num_iterations=185         <list[12]>
INFO  [18:46:38.855] [bbotk]   x_domain classif.ce
INFO  [18:46:38.855] [bbotk]     <list>      <num>
INFO  [18:46:38.855] [bbotk]  <list[8]>  0.3246506
