Waiting for workers to connect... 236/448
Waiting for workers to connect... 254/448
Waiting for workers to connect... 271/448
Waiting for workers to connect... 289/448
Waiting for workers to connect... 307/448
Waiting for workers to connect... 330/448
Waiting for workers to connect... 346/448
Waiting for workers to connect... 361/448
Waiting for workers to connect... 376/448
Waiting for workers to connect... 394/448
Waiting for workers to connect... 407/448
Waiting for workers to connect... 431/448
Waiting for workers to connect... 448/448
INFO  [18:04:16.547] [bbotk] Starting to optimize 8 parameter(s) with '<OptimizerBatchRandomSearch>' and '<TerminatorEvals> [n_evals=100, k=0]'
INFO  [18:04:16.649] [bbotk] Evaluating 100 configuration(s)
INFO  [18:04:16.936] [mlr3] Running benchmark with 1000 resampling iterations
INFO  [18:12:29.713] [mlr3] Finished benchmark
INFO  [18:12:37.263] [bbotk] Result of batch 1:
INFO  [18:12:37.275] [bbotk]  learning_rate num_leaves min_data_in_leaf feature_fraction extra_trees
INFO  [18:12:37.275] [bbotk]    -0.35676215        123               25        0.9216879        TRUE
INFO  [18:12:37.275] [bbotk]    -2.27834318        234              136        0.8243713       FALSE
INFO  [18:12:37.275] [bbotk]    -2.29286081         24               91        0.1516741        TRUE
INFO  [18:12:37.275] [bbotk]    -3.86427072        241              117        0.5437006       FALSE
INFO  [18:12:37.275] [bbotk]    -3.80373350        198                3        0.9064899        TRUE
INFO  [18:12:37.275] [bbotk]    -0.50313712        254               56        0.1312367       FALSE
INFO  [18:12:37.275] [bbotk]    -4.44702308        169              192        0.4894385       FALSE
INFO  [18:12:37.275] [bbotk]    -3.35136787        193              110        0.6344641       FALSE
INFO  [18:12:37.275] [bbotk]    -1.61110381         48               68        0.8156649        TRUE
INFO  [18:12:37.275] [bbotk]    -5.54937694        166              116        0.9455615        TRUE
INFO  [18:12:37.275] [bbotk]    -1.60455749         23              143        0.7734376        TRUE
INFO  [18:12:37.275] [bbotk]    -3.77760305        247               10        0.1605666       FALSE
INFO  [18:12:37.275] [bbotk]    -1.39106274         11               31        0.8371869       FALSE
INFO  [18:12:37.275] [bbotk]    -1.01080038        255              140        0.6624259        TRUE
INFO  [18:12:37.275] [bbotk]    -4.08301409         99              148        0.4304937       FALSE
INFO  [18:12:37.275] [bbotk]    -5.01747790         22               65        0.9789990       FALSE
INFO  [18:12:37.275] [bbotk]    -1.39284351        251               63        0.3504660        TRUE
INFO  [18:12:37.275] [bbotk]    -1.85131273        210              165        0.5862467       FALSE
INFO  [18:12:37.275] [bbotk]    -0.60523866        226               42        0.1441006       FALSE
INFO  [18:12:37.275] [bbotk]    -2.81346514        234               66        0.3930882        TRUE
INFO  [18:12:37.275] [bbotk]    -3.19109050        131               48        0.2826609        TRUE
INFO  [18:12:37.275] [bbotk]    -0.30014068        182              126        0.7830731        TRUE
INFO  [18:12:37.275] [bbotk]    -0.45096411        202              180        0.5903433        TRUE
INFO  [18:12:37.275] [bbotk]    -3.52741295        218               31        0.8301912       FALSE
INFO  [18:12:37.275] [bbotk]    -1.07794071         40               95        0.1823673        TRUE
INFO  [18:12:37.275] [bbotk]    -1.20706235         64               91        0.7968516        TRUE
INFO  [18:12:37.275] [bbotk]    -6.13767777        142               10        0.9920016       FALSE
INFO  [18:12:37.275] [bbotk]    -2.15461548         52               37        0.9946540        TRUE
INFO  [18:12:37.275] [bbotk]    -1.66133492         52              148        0.5737443        TRUE
INFO  [18:12:37.275] [bbotk]    -6.85307606        234              116        0.9115469       FALSE
INFO  [18:12:37.275] [bbotk]    -0.03053224        109              120        0.8530662        TRUE
INFO  [18:12:37.275] [bbotk]    -2.95056441        113              161        0.3124339       FALSE
INFO  [18:12:37.275] [bbotk]    -2.45364679         17               38        0.3619595       FALSE
INFO  [18:12:37.275] [bbotk]    -1.66893145        235              139        0.6930005       FALSE
INFO  [18:12:37.275] [bbotk]    -5.58506786        139                2        0.5386122       FALSE
INFO  [18:12:37.275] [bbotk]    -6.57383074        219               32        0.6429107       FALSE
INFO  [18:12:37.275] [bbotk]    -6.74318503        142              162        0.4368179        TRUE
INFO  [18:12:37.275] [bbotk]    -3.13127023        121               32        0.5100684       FALSE
INFO  [18:12:37.275] [bbotk]    -5.53485522        116              119        0.8195778       FALSE
INFO  [18:12:37.275] [bbotk]    -6.59035371        116              153        0.9657866       FALSE
INFO  [18:12:37.275] [bbotk]    -5.78210670        145               93        0.8922075        TRUE
INFO  [18:12:37.275] [bbotk]    -4.07783836        132               66        0.4342559       FALSE
INFO  [18:12:37.275] [bbotk]    -3.17246402         37               20        0.7097133       FALSE
INFO  [18:12:37.275] [bbotk]    -5.32038348        196              122        0.6098721        TRUE
INFO  [18:12:37.275] [bbotk]    -4.36152448        149               78        0.5292885        TRUE
INFO  [18:12:37.275] [bbotk]    -2.98440695         58               84        0.8071980       FALSE
INFO  [18:12:37.275] [bbotk]    -2.44464871         94               80        0.1925924       FALSE
INFO  [18:12:37.275] [bbotk]    -4.80801928        246               79        0.7248297        TRUE
INFO  [18:12:37.275] [bbotk]    -0.41039393        222               94        0.6200374        TRUE
INFO  [18:12:37.275] [bbotk]    -0.02442489        133               48        0.2954880        TRUE
INFO  [18:12:37.275] [bbotk]    -6.37743859         21               20        0.7179375        TRUE
INFO  [18:12:37.275] [bbotk]    -0.45495700         24              177        0.1010312        TRUE
INFO  [18:12:37.275] [bbotk]    -4.26193931        218              124        0.9282518        TRUE
INFO  [18:12:37.275] [bbotk]    -6.69167036        231               70        0.4461790       FALSE
INFO  [18:12:37.275] [bbotk]    -6.33236461        110                1        0.9852693       FALSE
INFO  [18:12:37.275] [bbotk]    -0.72891595        144              170        0.7453380       FALSE
INFO  [18:12:37.275] [bbotk]    -5.03977858        126               93        0.7740732        TRUE
INFO  [18:12:37.275] [bbotk]    -3.37210926        184               46        0.5238801       FALSE
INFO  [18:12:37.275] [bbotk]    -4.51183388        181               84        0.4229174        TRUE
INFO  [18:12:37.275] [bbotk]    -3.78115148        181              157        0.4575882        TRUE
INFO  [18:12:37.275] [bbotk]    -1.70155144        111               27        0.9695614       FALSE
INFO  [18:12:37.275] [bbotk]    -1.62964315         41              149        0.2806727        TRUE
INFO  [18:12:37.275] [bbotk]    -4.09283389         97              115        0.2665334       FALSE
INFO  [18:12:37.275] [bbotk]    -0.62813282        132                6        0.8394562        TRUE
INFO  [18:12:37.275] [bbotk]    -4.31413974        163              150        0.7259277        TRUE
INFO  [18:12:37.275] [bbotk]    -1.80435667         62              100        0.8925163       FALSE
INFO  [18:12:37.275] [bbotk]    -6.38091383         57               80        0.3317150       FALSE
INFO  [18:12:37.275] [bbotk]    -2.22925936        106               62        0.9040639       FALSE
INFO  [18:12:37.275] [bbotk]    -0.38316483         54              129        0.9925469       FALSE
INFO  [18:12:37.275] [bbotk]    -2.75451512        163              121        0.7031590        TRUE
INFO  [18:12:37.275] [bbotk]    -2.65561531         46              198        0.6996912       FALSE
INFO  [18:12:37.275] [bbotk]    -2.58191965         10              121        0.8091275        TRUE
INFO  [18:12:37.275] [bbotk]    -5.35614437        210              123        0.9201922        TRUE
INFO  [18:12:37.275] [bbotk]    -4.02864597        152               37        0.3539498        TRUE
INFO  [18:12:37.275] [bbotk]    -3.37008349        206                9        0.2932937       FALSE
INFO  [18:12:37.275] [bbotk]    -1.34861426        199              133        0.4589980        TRUE
INFO  [18:12:37.275] [bbotk]    -6.70894088        107              189        0.9455448       FALSE
INFO  [18:12:37.275] [bbotk]    -4.67962984        233              178        0.9867753        TRUE
INFO  [18:12:37.275] [bbotk]    -5.97793153        100              163        0.8533065       FALSE
INFO  [18:12:37.275] [bbotk]    -0.01910939        127              163        0.2453003       FALSE
INFO  [18:12:37.275] [bbotk]    -0.62533698         34              185        0.9188706        TRUE
INFO  [18:12:37.275] [bbotk]    -3.55596321        116              153        0.4218051        TRUE
INFO  [18:12:37.275] [bbotk]    -5.17572452        172               46        0.4431570       FALSE
INFO  [18:12:37.275] [bbotk]    -2.81782845        214               29        0.4697321       FALSE
INFO  [18:12:37.275] [bbotk]    -5.18376370        129               45        0.1398720        TRUE
INFO  [18:12:37.275] [bbotk]    -5.38160723        151              199        0.6753765        TRUE
INFO  [18:12:37.275] [bbotk]    -2.34557667        130              120        0.6031468       FALSE
INFO  [18:12:37.275] [bbotk]    -3.91581753         12              151        0.6988675        TRUE
INFO  [18:12:37.275] [bbotk]    -0.89808099        218              180        0.4169014        TRUE
INFO  [18:12:37.275] [bbotk]    -3.40258512        133              102        0.5467816       FALSE
INFO  [18:12:37.275] [bbotk]    -5.26899166        132              170        0.7576863        TRUE
INFO  [18:12:37.275] [bbotk]    -3.60270221         71               39        0.3328639        TRUE
INFO  [18:12:37.275] [bbotk]    -1.61556289         26               62        0.8597119        TRUE
INFO  [18:12:37.275] [bbotk]    -6.53893545         96               76        0.6159662       FALSE
INFO  [18:12:37.275] [bbotk]    -0.42633566        212               73        0.4369487        TRUE
INFO  [18:12:37.275] [bbotk]    -5.93658262        142              119        0.8578254        TRUE
INFO  [18:12:37.275] [bbotk]    -4.15232110         43               18        0.8014136       FALSE
INFO  [18:12:37.275] [bbotk]    -2.88772443        124               22        0.4118638       FALSE
INFO  [18:12:37.275] [bbotk]    -5.42013383        136              173        0.2298580        TRUE
INFO  [18:12:37.275] [bbotk]    -5.62123669         38              136        0.6785399       FALSE
INFO  [18:12:37.275] [bbotk]  learning_rate num_leaves min_data_in_leaf feature_fraction extra_trees
INFO  [18:12:37.275] [bbotk]    lambda_l1   lambda_l2 min_gain_to_split classif.ce warnings errors
INFO  [18:12:37.275] [bbotk]  -3.00561462  6.75689493         -2.748876  0.3302384        0      0
INFO  [18:12:37.275] [bbotk]  -3.38577765 -2.71209024         -3.451691  0.3268883        0      0
INFO  [18:12:37.275] [bbotk]  -1.32575594  2.91793331         -3.537847  0.3497088        0      0
INFO  [18:12:37.275] [bbotk]  -3.17394471  1.57370313         -4.750897  0.3239609        0      0
INFO  [18:12:37.275] [bbotk]  -0.21778958 -6.70295920         -3.476668  0.3280526        0      0
INFO  [18:12:37.275] [bbotk]   3.77754964 -4.22552996         -6.627081  0.3479457        0      0
INFO  [18:12:37.275] [bbotk]  -4.82244096  0.46235618         -2.707797  0.3266176        0      0
INFO  [18:12:37.275] [bbotk]   4.78202813  3.46178290         -3.916877  0.3321554        0      0
INFO  [18:12:37.275] [bbotk]  -6.31464475 -1.10892986         -2.745005  0.3286181        0      0
INFO  [18:12:37.275] [bbotk]   5.34714806  0.16872797         -5.826123  0.3392710        0      0
INFO  [18:12:37.275] [bbotk]   3.08468750  3.24290582         -4.983888  0.3316438        0      0
INFO  [18:12:37.275] [bbotk]   1.05810848 -3.62345815         -3.461681  0.3492435        0      0
INFO  [18:12:37.275] [bbotk]   0.86545016 -6.34116493         -3.678681  0.3291186        0      0
INFO  [18:12:37.275] [bbotk]   1.01420101  2.59412517         -2.976319  0.3295451        0      0
INFO  [18:12:37.275] [bbotk]  -0.39973122 -0.03346965         -2.713733  0.3267307        0      0
INFO  [18:12:37.275] [bbotk]   1.92343552 -5.60466322         -3.674458  0.3350347        0      0
INFO  [18:12:37.275] [bbotk]  -5.33902465  4.30744298         -6.486588  0.3341763        0      0
INFO  [18:12:37.275] [bbotk]   2.54920169  2.27234327         -6.890267  0.3251029        0      0
INFO  [18:12:37.275] [bbotk]  -0.82864102 -4.61064587         -3.427576  0.3472412        0      0
INFO  [18:12:37.275] [bbotk]   2.43408194  1.62796519         -3.784353  0.3327858        0      0
INFO  [18:12:37.275] [bbotk]   2.05710401 -3.79033053         -5.951452  0.3395027        0      0
INFO  [18:12:37.275] [bbotk]  -6.63771564  3.10205869         -3.934040  0.3320016        0      0
INFO  [18:12:37.275] [bbotk]  -3.23048375 -4.82815632         -5.172276  0.3314658        0      0
INFO  [18:12:37.275] [bbotk]   0.04691325  1.26435600         -3.982685  0.3263766        0      0
INFO  [18:12:37.275] [bbotk]  -3.29136326 -2.25471148         -2.370319  0.3494029        0      0
INFO  [18:12:37.275] [bbotk]  -6.61638898 -4.48819958         -6.483009  0.3292744        0      0
INFO  [18:12:37.275] [bbotk]   3.92088384  6.87458649         -6.553359  0.3372168        0      0
INFO  [18:12:37.275] [bbotk]  -0.82696479  2.10798201         -4.503688  0.3282899        0      0
INFO  [18:12:37.275] [bbotk]   1.06600830  0.09052816         -3.615257  0.3299807        0      0
INFO  [18:12:37.275] [bbotk]   1.26852427 -4.00845684         -6.051060  0.4454423        0      0
INFO  [18:12:37.275] [bbotk]   5.47679032 -0.97427325         -5.842211  0.3401034        0      0
INFO  [18:12:37.275] [bbotk]   0.94685472  5.24612094         -2.632173  0.3310264        0      0
INFO  [18:12:37.275] [bbotk]  -1.09005559  4.31856192         -4.919187  0.3291483        0      0
INFO  [18:12:37.275] [bbotk]  -4.71831154  5.00728141         -5.271838  0.3260040        0      0
INFO  [18:12:37.275] [bbotk]   0.36170305 -2.38222013         -2.605766  0.3283344        0      0
INFO  [18:12:37.275] [bbotk]   2.91072566 -4.05418898         -4.811112  0.4454423        0      0
INFO  [18:12:37.275] [bbotk]   5.52175824 -5.77847074         -4.230036  0.4454423        0      0
INFO  [18:12:37.275] [bbotk]  -0.85473032  4.38445911         -6.124275  0.3252902        0      0
INFO  [18:12:37.275] [bbotk]   3.95264128 -2.07528331         -4.921258  0.3325207        0      0
INFO  [18:12:37.275] [bbotk]  -3.83047607 -5.40564118         -4.243558  0.4454423        0      0
INFO  [18:12:37.275] [bbotk]  -3.58630883 -0.94716395         -6.255147  0.3315529        0      0
INFO  [18:12:37.275] [bbotk]  -0.04897841  1.56489950         -4.160214  0.3259576        0      0
INFO  [18:12:37.275] [bbotk]   1.46010523 -5.10722602         -2.888860  0.3280915        0      0
INFO  [18:12:37.275] [bbotk]   6.73121466  3.53484789         -2.678287  0.3483999        0      0
INFO  [18:12:37.275] [bbotk]   2.20699704 -0.84038848         -5.137505  0.3317198        0      0
INFO  [18:12:37.275] [bbotk]  -6.90217539 -5.42034508         -6.844632  0.3273796        0      0
INFO  [18:12:37.275] [bbotk]   2.55758044 -6.58316680         -4.605253  0.3475082        0      0
INFO  [18:12:37.275] [bbotk]   2.33607451 -0.23225011         -4.291874  0.3311135        0      0
INFO  [18:12:37.275] [bbotk]   4.50835263 -1.31092177         -6.523266  0.3352182        0      0
INFO  [18:12:37.275] [bbotk]   1.61610779 -0.84932709         -3.638370  0.3375190        0      0
INFO  [18:12:37.275] [bbotk]   2.78418109 -5.95486334         -2.708590  0.4454423        0      0
INFO  [18:12:37.275] [bbotk]  -3.75415425 -3.93648038         -6.338028  0.3489283        0      0
INFO  [18:12:37.275] [bbotk]   4.54801142 -6.48525625         -6.184196  0.3347733        0      0
INFO  [18:12:37.275] [bbotk]  -1.84481292  1.77162149         -2.399515  0.4454423        0      0
INFO  [18:12:37.275] [bbotk]  -2.73274823  4.38138664         -5.123529  0.3340558        0      0
INFO  [18:12:37.275] [bbotk]  -2.58888362  5.91419763         -5.529878  0.3279377        0      0
INFO  [18:12:37.275] [bbotk]   0.82397209 -4.53291494         -3.337985  0.3302885        0      0
INFO  [18:12:37.275] [bbotk]  -4.98222924 -5.34273393         -4.118813  0.3241630        0      0
INFO  [18:12:37.275] [bbotk]  -5.32271846 -3.91155986         -2.313012  0.3326616        0      0
INFO  [18:12:37.275] [bbotk]   0.52551075  5.78888205         -3.491015  0.3334254        0      0
INFO  [18:12:37.275] [bbotk]   3.13915612 -1.63874456         -4.114435  0.3282213        0      0
INFO  [18:12:37.275] [bbotk]   3.82747827 -0.13153087         -3.772437  0.3408988        0      0
INFO  [18:12:37.275] [bbotk]  -2.18838473 -5.18993382         -6.638518  0.3310468        0      0
INFO  [18:12:37.275] [bbotk]  -5.86532324 -2.65096823         -4.184831  0.3310672        0      0
INFO  [18:12:37.275] [bbotk]  -4.58804203  3.28834802         -5.815811  0.3285458        0      0
INFO  [18:12:37.275] [bbotk]   5.95904574  3.93074626         -3.554743  0.3358541        0      0
INFO  [18:12:37.275] [bbotk]   1.57587623  0.28578149         -4.157982  0.4454423        0      0
INFO  [18:12:37.275] [bbotk]  -5.61099938  3.86113863         -5.188783  0.3270589        0      0
INFO  [18:12:37.275] [bbotk]  -3.49747236 -4.71395218         -5.914552  0.3336108        0      0
INFO  [18:12:37.275] [bbotk]   5.58910395  3.48833719         -4.400700  0.3393971        0      0
INFO  [18:12:37.275] [bbotk]  -1.31432028  1.06942511         -2.869849  0.3263191        0      0
INFO  [18:12:37.275] [bbotk]  -3.09813604 -1.66794132         -6.446120  0.3315307        0      0
INFO  [18:12:37.275] [bbotk]   0.53425357  1.46209321         -4.687319  0.3303571        0      0
INFO  [18:12:37.275] [bbotk]  -3.89609671  5.27326326         -6.607689  0.3400923        0      0
INFO  [18:12:37.275] [bbotk]  -3.43242881  6.20216067         -5.220417  0.3313156        0      0
INFO  [18:12:37.275] [bbotk]   1.03051191  5.93446557         -6.410635  0.3295006        0      0
INFO  [18:12:37.275] [bbotk]   4.23610260 -0.05843037         -3.776658  0.4454423        0      0
INFO  [18:12:37.275] [bbotk]  -5.05815037  2.14216954         -5.964339  0.3285791        0      0
INFO  [18:12:37.275] [bbotk]  -4.22419632 -4.33755957         -2.353721  0.3317494        0      0
INFO  [18:12:37.275] [bbotk]  -5.68225886 -2.37243495         -6.333795  0.3311988        0      0
INFO  [18:12:37.275] [bbotk]  -6.72083031  1.14367232         -2.747408  0.3305963        0      0
INFO  [18:12:37.275] [bbotk]   1.51854918  0.83404615         -2.316617  0.3327839        0      0
INFO  [18:12:37.275] [bbotk]  -0.73834091 -0.48301979         -3.046277  0.3270848        0      0
INFO  [18:12:37.275] [bbotk]   2.39814725 -4.23998144         -2.877412  0.3249324        0      0
INFO  [18:12:37.275] [bbotk]   6.66293808  3.09029039         -4.462520  0.4454423        0      0
INFO  [18:12:37.275] [bbotk]   0.29009984  1.73367270         -3.177530  0.3318329        0      0
INFO  [18:12:37.275] [bbotk]  -0.28853543 -2.46875687         -5.465896  0.3246673        0      0
INFO  [18:12:37.275] [bbotk]  -3.51047659 -2.53445935         -3.635281  0.3344080        0      0
INFO  [18:12:37.275] [bbotk]   5.78608327  4.10792948         -2.732847  0.3439189        0      0
INFO  [18:12:37.275] [bbotk]   6.00459260 -4.72156453         -4.556375  0.3378879        0      0
INFO  [18:12:37.275] [bbotk]  -4.14090099 -6.70752205         -2.338324  0.3311506        0      0
INFO  [18:12:37.275] [bbotk]  -4.78711477 -5.97729091         -6.208781  0.3388983        0      0
INFO  [18:12:37.275] [bbotk]  -5.22084090  3.87411899         -6.717824  0.3293801        0      0
INFO  [18:12:37.275] [bbotk]  -3.70247460  1.94427135         -6.655862  0.4454423        0      0
INFO  [18:12:37.275] [bbotk]  -4.96371047 -5.84772308         -6.460187  0.3309281        0      0
INFO  [18:12:37.275] [bbotk]  -3.89392554  0.35982087         -5.531429  0.3321091        0      0
INFO  [18:12:37.275] [bbotk]   3.79957109  5.40034957         -5.663209  0.3299400        0      0
INFO  [18:12:37.275] [bbotk]   2.19089628  5.06364968         -4.120860  0.3253606        0      0
INFO  [18:12:37.275] [bbotk]   3.23487244  4.72591393         -2.692399  0.3486947        0      0
INFO  [18:12:37.275] [bbotk]   6.21045560 -0.63725061         -5.916332  0.3413178        0      0
INFO  [18:12:37.275] [bbotk]    lambda_l1   lambda_l2 min_gain_to_split classif.ce warnings errors
INFO  [18:12:37.275] [bbotk]  runtime_learners internal_tuned_values
INFO  [18:12:37.275] [bbotk]           103.221    num_iterations=221
INFO  [18:12:37.275] [bbotk]           109.812    num_iterations=140
INFO  [18:12:37.275] [bbotk]           110.158    num_iterations=362
INFO  [18:12:37.275] [bbotk]           457.310    num_iterations=707
INFO  [18:12:37.275] [bbotk]           451.141    num_iterations=615
INFO  [18:12:37.275] [bbotk]            53.793    num_iterations=118
INFO  [18:12:37.275] [bbotk]           598.619    num_iterations=979
INFO  [18:12:37.275] [bbotk]           212.375    num_iterations=417
INFO  [18:12:37.275] [bbotk]           133.366    num_iterations=364
INFO  [18:12:37.275] [bbotk]           727.640   num_iterations=1527
INFO  [18:12:37.275] [bbotk]           116.591    num_iterations=337
INFO  [18:12:37.275] [bbotk]           332.822    num_iterations=822
INFO  [18:12:37.275] [bbotk]            95.465    num_iterations=431
INFO  [18:12:37.275] [bbotk]            95.146    num_iterations=201
INFO  [18:12:37.275] [bbotk]           520.318   num_iterations=1017
INFO  [18:12:37.275] [bbotk]           414.761   num_iterations=1071
INFO  [18:12:37.275] [bbotk]           192.123    num_iterations=442
INFO  [18:12:37.275] [bbotk]           171.027    num_iterations=193
INFO  [18:12:37.275] [bbotk]            64.401    num_iterations=163
INFO  [18:12:37.275] [bbotk]           210.577    num_iterations=515
INFO  [18:12:37.275] [bbotk]           314.043    num_iterations=886
INFO  [18:12:37.275] [bbotk]           115.550    num_iterations=151
INFO  [18:12:37.275] [bbotk]            88.360     num_iterations=71
INFO  [18:12:37.275] [bbotk]           258.978    num_iterations=360
INFO  [18:12:37.275] [bbotk]            60.410    num_iterations=199
INFO  [18:12:37.275] [bbotk]            81.502    num_iterations=140
INFO  [18:12:37.275] [bbotk]           895.956   num_iterations=1351
INFO  [18:12:37.275] [bbotk]           163.131    num_iterations=383
INFO  [18:12:37.275] [bbotk]           139.504    num_iterations=341
INFO  [18:12:37.275] [bbotk]            69.953      num_iterations=1
INFO  [18:12:37.275] [bbotk]            41.706    num_iterations=118
INFO  [18:12:37.275] [bbotk]           395.513    num_iterations=732
INFO  [18:12:37.275] [bbotk]           208.204    num_iterations=828
INFO  [18:12:37.275] [bbotk]           122.663    num_iterations=114
INFO  [18:12:37.275] [bbotk]          1216.371   num_iterations=1760
INFO  [18:12:37.275] [bbotk]            67.864      num_iterations=1
INFO  [18:12:37.275] [bbotk]            37.023      num_iterations=1
INFO  [18:12:37.275] [bbotk]           339.266    num_iterations=582
INFO  [18:12:37.275] [bbotk]           809.111   num_iterations=1097
INFO  [18:12:37.275] [bbotk]            63.868      num_iterations=1
INFO  [18:12:37.275] [bbotk]          1134.733   num_iterations=1525
INFO  [18:12:37.275] [bbotk]           582.323   num_iterations=1014
INFO  [18:12:37.275] [bbotk]           245.515    num_iterations=727
INFO  [18:12:37.275] [bbotk]           560.831   num_iterations=1658
INFO  [18:12:37.275] [bbotk]           580.876    num_iterations=968
INFO  [18:12:37.275] [bbotk]           179.253    num_iterations=504
INFO  [18:12:37.275] [bbotk]           177.624    num_iterations=503
INFO  [18:12:37.275] [bbotk]           736.638   num_iterations=1132
INFO  [18:12:37.275] [bbotk]            68.677    num_iterations=237
INFO  [18:12:37.275] [bbotk]            86.952    num_iterations=290
INFO  [18:12:37.275] [bbotk]            37.784      num_iterations=1
INFO  [18:12:37.275] [bbotk]            67.257    num_iterations=216
INFO  [18:12:37.275] [bbotk]           454.473    num_iterations=973
INFO  [18:12:37.275] [bbotk]            54.693      num_iterations=1
INFO  [18:12:37.275] [bbotk]          1033.847   num_iterations=1534
INFO  [18:12:37.275] [bbotk]            94.136     num_iterations=73
INFO  [18:12:37.275] [bbotk]           905.629   num_iterations=1431
INFO  [18:12:37.275] [bbotk]           275.453    num_iterations=524
INFO  [18:12:37.275] [bbotk]           735.371   num_iterations=1340
INFO  [18:12:37.275] [bbotk]           518.228   num_iterations=1047
INFO  [18:12:37.275] [bbotk]            94.879    num_iterations=138
INFO  [18:12:37.275] [bbotk]           109.838    num_iterations=459
INFO  [18:12:37.275] [bbotk]           627.785   num_iterations=1366
INFO  [18:12:37.275] [bbotk]            77.566     num_iterations=66
INFO  [18:12:37.275] [bbotk]           732.808   num_iterations=1038
INFO  [18:12:37.275] [bbotk]            41.652     num_iterations=57
INFO  [18:12:37.275] [bbotk]            40.853      num_iterations=1
INFO  [18:12:37.275] [bbotk]           125.316    num_iterations=231
INFO  [18:12:37.275] [bbotk]            42.110     num_iterations=68
INFO  [18:12:37.275] [bbotk]           132.142    num_iterations=445
INFO  [18:12:37.275] [bbotk]           198.842    num_iterations=660
INFO  [18:12:37.275] [bbotk]           207.746    num_iterations=869
INFO  [18:12:37.275] [bbotk]           999.366   num_iterations=1235
INFO  [18:12:37.275] [bbotk]           655.049   num_iterations=1594
INFO  [18:12:37.275] [bbotk]           721.525   num_iterations=1073
INFO  [18:12:37.275] [bbotk]           209.343    num_iterations=431
INFO  [18:12:37.275] [bbotk]            53.198      num_iterations=1
INFO  [18:12:37.275] [bbotk]           721.931    num_iterations=844
INFO  [18:12:37.275] [bbotk]          1123.111   num_iterations=1651
INFO  [18:12:37.275] [bbotk]            99.887    num_iterations=185
INFO  [18:12:37.275] [bbotk]            82.677    num_iterations=174
INFO  [18:12:37.275] [bbotk]           374.911    num_iterations=830
INFO  [18:12:37.275] [bbotk]          1024.302   num_iterations=1641
INFO  [18:12:37.275] [bbotk]           246.310    num_iterations=381
INFO  [18:12:37.275] [bbotk]            22.817      num_iterations=1
INFO  [18:12:37.275] [bbotk]           989.296   num_iterations=1445
INFO  [18:12:37.275] [bbotk]           146.941    num_iterations=321
INFO  [18:12:37.275] [bbotk]           379.785   num_iterations=1298
INFO  [18:12:37.275] [bbotk]            48.926    num_iterations=213
INFO  [18:12:37.275] [bbotk]           157.578    num_iterations=385
INFO  [18:12:37.275] [bbotk]           926.603   num_iterations=1412
INFO  [18:12:37.275] [bbotk]           421.654   num_iterations=1003
INFO  [18:12:37.275] [bbotk]           111.798    num_iterations=319
INFO  [18:12:37.275] [bbotk]            50.486      num_iterations=1
INFO  [18:12:37.275] [bbotk]           147.504    num_iterations=209
INFO  [18:12:37.275] [bbotk]          1190.029   num_iterations=1664
INFO  [18:12:37.275] [bbotk]           494.735    num_iterations=931
INFO  [18:12:37.275] [bbotk]           377.886    num_iterations=602
INFO  [18:12:37.275] [bbotk]           733.523   num_iterations=2173
INFO  [18:12:37.275] [bbotk]           571.588   num_iterations=1188
INFO  [18:12:37.275] [bbotk]  runtime_learners internal_tuned_values
INFO  [18:12:37.352] [bbotk] Finished optimizing after 100 evaluation(s)
INFO  [18:12:37.354] [bbotk] Result:
INFO  [18:12:37.357] [bbotk]  learning_rate num_leaves min_data_in_leaf feature_fraction extra_trees
INFO  [18:12:37.357] [bbotk]          <num>      <int>            <int>            <num>      <lgcl>
INFO  [18:12:37.357] [bbotk]      -3.864271        241              117        0.5437006       FALSE
INFO  [18:12:37.357] [bbotk]  lambda_l1 lambda_l2 min_gain_to_split internal_tuned_values learner_param_vals
INFO  [18:12:37.357] [bbotk]      <num>     <num>             <num>                <list>             <list>
INFO  [18:12:37.357] [bbotk]  -3.173945  1.573703         -4.750897    num_iterations=707         <list[12]>
INFO  [18:12:37.357] [bbotk]   x_domain classif.ce
INFO  [18:12:37.357] [bbotk]     <list>      <num>
INFO  [18:12:37.357] [bbotk]  <list[8]>  0.3239609
