Waiting for workers to connect... 250/448
Waiting for workers to connect... 268/448
Waiting for workers to connect... 283/448
Waiting for workers to connect... 301/448
Waiting for workers to connect... 324/448
Waiting for workers to connect... 344/448
Waiting for workers to connect... 363/448
Waiting for workers to connect... 381/448
Waiting for workers to connect... 400/448
Waiting for workers to connect... 421/448
Waiting for workers to connect... 448/448
INFO  [19:11:03.184] [bbotk] Starting to optimize 8 parameter(s) with '<OptimizerBatchRandomSearch>' and '<TerminatorEvals> [n_evals=100, k=0]'
INFO  [19:11:03.284] [bbotk] Evaluating 100 configuration(s)
INFO  [19:11:03.584] [mlr3] Running benchmark with 1000 resampling iterations
INFO  [19:19:07.371] [mlr3] Finished benchmark
INFO  [19:19:13.911] [bbotk] Result of batch 1:
INFO  [19:19:13.923] [bbotk]  learning_rate num_leaves min_data_in_leaf feature_fraction extra_trees
INFO  [19:19:13.923] [bbotk]   -4.485989776         68               90        0.9716028        TRUE
INFO  [19:19:13.923] [bbotk]   -6.625402445        171              191        0.3128182        TRUE
INFO  [19:19:13.923] [bbotk]   -1.302657992        128               81        0.5526926        TRUE
INFO  [19:19:13.923] [bbotk]   -3.360016586         85              169        0.1449536       FALSE
INFO  [19:19:13.923] [bbotk]   -4.022219794        148               17        0.9267414       FALSE
INFO  [19:19:13.923] [bbotk]   -6.186469230        179               27        0.8611968       FALSE
INFO  [19:19:13.923] [bbotk]   -1.266952718         51               67        0.9458743       FALSE
INFO  [19:19:13.923] [bbotk]   -1.956623388        121               15        0.8059812        TRUE
INFO  [19:19:13.923] [bbotk]   -2.748222836        223               72        0.3192189       FALSE
INFO  [19:19:13.923] [bbotk]   -3.754294786        180              140        0.5620695        TRUE
INFO  [19:19:13.923] [bbotk]   -4.759120319         90               21        0.5174763       FALSE
INFO  [19:19:13.923] [bbotk]   -6.854888844         93              189        0.5598467       FALSE
INFO  [19:19:13.923] [bbotk]   -5.989618991        230               98        0.1817922       FALSE
INFO  [19:19:13.923] [bbotk]   -2.209130564        226              139        0.5043625       FALSE
INFO  [19:19:13.923] [bbotk]   -1.840800359        166              126        0.4696002       FALSE
INFO  [19:19:13.923] [bbotk]   -6.876071360        235               67        0.3752457       FALSE
INFO  [19:19:13.923] [bbotk]   -0.673416648         37              106        0.6640816        TRUE
INFO  [19:19:13.923] [bbotk]   -1.975367369         80               87        0.9242632        TRUE
INFO  [19:19:13.923] [bbotk]   -3.971756631        161              110        0.8789116       FALSE
INFO  [19:19:13.923] [bbotk]   -1.136546910        144                9        0.2740157        TRUE
INFO  [19:19:13.923] [bbotk]   -6.503268801         20              166        0.7998938       FALSE
INFO  [19:19:13.923] [bbotk]   -5.371935140        191              154        0.3946454        TRUE
INFO  [19:19:13.923] [bbotk]   -2.914509895         80               83        0.5747972        TRUE
INFO  [19:19:13.923] [bbotk]   -2.912494597        106               30        0.8691437       FALSE
INFO  [19:19:13.923] [bbotk]   -1.299800372        188              184        0.6757713       FALSE
INFO  [19:19:13.923] [bbotk]   -4.422310563        214               32        0.8451141        TRUE
INFO  [19:19:13.923] [bbotk]   -4.848313680         46              125        0.1128024       FALSE
INFO  [19:19:13.923] [bbotk]   -4.928568623        235              151        0.7087977       FALSE
INFO  [19:19:13.923] [bbotk]   -1.167025400        197              128        0.9441931       FALSE
INFO  [19:19:13.923] [bbotk]   -1.680471537        122              147        0.3887057       FALSE
INFO  [19:19:13.923] [bbotk]   -3.994665319         17              137        0.7052246       FALSE
INFO  [19:19:13.923] [bbotk]   -3.686782638        228              179        0.2512648       FALSE
INFO  [19:19:13.923] [bbotk]   -0.217599985         43              104        0.3829981        TRUE
INFO  [19:19:13.923] [bbotk]   -5.036563142        178              161        0.6143209       FALSE
INFO  [19:19:13.923] [bbotk]   -6.667931876        225               45        0.6838480        TRUE
INFO  [19:19:13.923] [bbotk]   -4.672862316         24              132        0.4790998       FALSE
INFO  [19:19:13.923] [bbotk]   -2.920768591         87              178        0.3246032        TRUE
INFO  [19:19:13.923] [bbotk]   -1.306374661        160              165        0.6852594        TRUE
INFO  [19:19:13.923] [bbotk]   -2.322719873        106              100        0.7174313        TRUE
INFO  [19:19:13.923] [bbotk]   -6.007032687        119              178        0.6065095       FALSE
INFO  [19:19:13.923] [bbotk]   -5.757087227        224               52        0.4746683        TRUE
INFO  [19:19:13.923] [bbotk]   -6.150522217        196               62        0.7126109        TRUE
INFO  [19:19:13.923] [bbotk]   -2.870173453         59              167        0.2882826        TRUE
INFO  [19:19:13.923] [bbotk]   -5.855826817        108               59        0.8625472       FALSE
INFO  [19:19:13.923] [bbotk]   -5.894359396        250               36        0.3436790       FALSE
INFO  [19:19:13.923] [bbotk]   -3.559820910        116              189        0.7193789       FALSE
INFO  [19:19:13.923] [bbotk]   -5.041820923        232               75        0.2996503       FALSE
INFO  [19:19:13.923] [bbotk]   -0.095719167         22               12        0.6535035       FALSE
INFO  [19:19:13.923] [bbotk]   -4.824176284        116              170        0.6256064       FALSE
INFO  [19:19:13.923] [bbotk]   -6.034314054        157              164        0.6023585        TRUE
INFO  [19:19:13.923] [bbotk]   -4.706765866         10              167        0.6042525        TRUE
INFO  [19:19:13.923] [bbotk]   -1.531286507        225                5        0.6287370       FALSE
INFO  [19:19:13.923] [bbotk]   -1.546959356        169              166        0.8116198       FALSE
INFO  [19:19:13.923] [bbotk]   -0.616699774        161               52        0.9052602       FALSE
INFO  [19:19:13.923] [bbotk]   -0.638331823         63              141        0.5115768        TRUE
INFO  [19:19:13.923] [bbotk]   -1.360795251        125               65        0.4467704       FALSE
INFO  [19:19:13.923] [bbotk]   -6.198009573         31              103        0.1927762        TRUE
INFO  [19:19:13.923] [bbotk]   -3.853139944        149               56        0.7458466        TRUE
INFO  [19:19:13.923] [bbotk]   -4.151711988        123               70        0.5660726       FALSE
INFO  [19:19:13.923] [bbotk]   -4.695701713        193               78        0.9146573       FALSE
INFO  [19:19:13.923] [bbotk]   -2.279232578        141              142        0.6586105        TRUE
INFO  [19:19:13.923] [bbotk]   -6.702583973        187              162        0.2520541       FALSE
INFO  [19:19:13.923] [bbotk]   -2.863032628         12               45        0.2630864        TRUE
INFO  [19:19:13.923] [bbotk]   -0.264515677         98               52        0.2223001       FALSE
INFO  [19:19:13.923] [bbotk]   -5.683630281         15               67        0.6559342       FALSE
INFO  [19:19:13.923] [bbotk]   -2.823574853        105              106        0.4196405        TRUE
INFO  [19:19:13.923] [bbotk]   -6.334841381         60               50        0.4219905        TRUE
INFO  [19:19:13.923] [bbotk]   -0.608323458         90              180        0.7062552        TRUE
INFO  [19:19:13.923] [bbotk]   -3.839625298        174               84        0.2651224        TRUE
INFO  [19:19:13.923] [bbotk]   -1.657514443        247              184        0.4850292       FALSE
INFO  [19:19:13.923] [bbotk]   -5.738443270        211              195        0.8355341        TRUE
INFO  [19:19:13.923] [bbotk]   -4.536776175        247               27        0.4391114        TRUE
INFO  [19:19:13.923] [bbotk]   -4.102567877         85               19        0.3378626        TRUE
INFO  [19:19:13.923] [bbotk]   -5.387908934        247               58        0.8394659        TRUE
INFO  [19:19:13.923] [bbotk]   -5.816687948        139              158        0.1758863       FALSE
INFO  [19:19:13.923] [bbotk]   -5.050358376         60              126        0.6901077       FALSE
INFO  [19:19:13.923] [bbotk]   -2.782478324        123              160        0.9213668        TRUE
INFO  [19:19:13.923] [bbotk]   -0.311826401        156              181        0.8580878        TRUE
INFO  [19:19:13.923] [bbotk]   -2.217639822        128              155        0.9214545        TRUE
INFO  [19:19:13.923] [bbotk]   -2.053537752         45               63        0.9664109       FALSE
INFO  [19:19:13.923] [bbotk]   -0.006079913        119              165        0.6141246        TRUE
INFO  [19:19:13.923] [bbotk]   -0.900888373        108               15        0.4763081       FALSE
INFO  [19:19:13.923] [bbotk]   -4.720094606        221               85        0.2428584       FALSE
INFO  [19:19:13.923] [bbotk]   -2.776098010        125               67        0.5919688       FALSE
INFO  [19:19:13.923] [bbotk]   -4.957769144        208              163        0.9495662        TRUE
INFO  [19:19:13.923] [bbotk]   -4.751562405        239               75        0.8105827       FALSE
INFO  [19:19:13.923] [bbotk]   -0.027021990         35               67        0.4088734        TRUE
INFO  [19:19:13.923] [bbotk]   -3.228712632        177               51        0.7927588       FALSE
INFO  [19:19:13.923] [bbotk]   -6.397635685         91               82        0.2922266        TRUE
INFO  [19:19:13.923] [bbotk]   -0.349381150         45              110        0.9449126        TRUE
INFO  [19:19:13.923] [bbotk]   -3.510981964        163               95        0.9788030       FALSE
INFO  [19:19:13.923] [bbotk]   -4.599287353         45              157        0.1254906       FALSE
INFO  [19:19:13.923] [bbotk]   -3.552272741        228                5        0.8137974        TRUE
INFO  [19:19:13.923] [bbotk]   -2.852766987        121               42        0.8679586       FALSE
INFO  [19:19:13.923] [bbotk]   -0.084063599         22              169        0.9494595        TRUE
INFO  [19:19:13.923] [bbotk]   -0.210727352        138              122        0.2292720        TRUE
INFO  [19:19:13.923] [bbotk]   -3.633525474        252              131        0.7518116       FALSE
INFO  [19:19:13.923] [bbotk]   -6.841441468        171              116        0.6797409        TRUE
INFO  [19:19:13.923] [bbotk]   -3.063587617        198               85        0.8267696        TRUE
INFO  [19:19:13.923] [bbotk]   -1.268768666        197               41        0.5076478        TRUE
INFO  [19:19:13.923] [bbotk]  learning_rate num_leaves min_data_in_leaf feature_fraction extra_trees
INFO  [19:19:13.923] [bbotk]   lambda_l1  lambda_l2 min_gain_to_split classif.ce warnings errors
INFO  [19:19:13.923] [bbotk]  -6.3812684  5.5290694         -6.610933  0.3302329        0      0
INFO  [19:19:13.923] [bbotk]  -4.0121091 -5.7669982         -4.506913  0.4454423        0      0
INFO  [19:19:13.923] [bbotk]  -4.5759721  2.8840767         -2.878853  0.3295080        0      0
INFO  [19:19:13.923] [bbotk]  -2.1644212  0.9270989         -3.201856  0.3483925        0      0
INFO  [19:19:13.923] [bbotk]  -3.9046276 -0.6250303         -6.406598  0.3271460        0      0
INFO  [19:19:13.923] [bbotk]   5.8559455  1.6259923         -5.784853  0.3399569        0      0
INFO  [19:19:13.923] [bbotk]   4.3303653  2.6733981         -4.959904  0.3302106        0      0
INFO  [19:19:13.923] [bbotk]  -6.1049460 -0.5357869         -6.622510  0.3281991        0      0
INFO  [19:19:13.923] [bbotk]  -3.6185049  2.2092544         -6.185112  0.3276892        0      0
INFO  [19:19:13.923] [bbotk]   4.7000452  3.4828602         -3.775036  0.3371612        0      0
INFO  [19:19:13.923] [bbotk]   3.1646390  4.2043861         -4.348359  0.3295821        0      0
INFO  [19:19:13.923] [bbotk]  -5.4094438  1.6060641         -5.423323  0.4454423        0      0
INFO  [19:19:13.923] [bbotk]  -5.7030437  5.0366039         -3.018107  0.4454423        0      0
INFO  [19:19:13.923] [bbotk]   2.5299538  2.9737185         -2.432550  0.3255442        0      0
INFO  [19:19:13.923] [bbotk]  -2.9226763 -3.4870423         -4.796122  0.3249083        0      0
INFO  [19:19:13.923] [bbotk]  -3.3954889 -2.6866145         -5.006726  0.4454423        0      0
INFO  [19:19:13.923] [bbotk]  -5.5693486 -2.6035263         -5.210912  0.3314602        0      0
INFO  [19:19:13.923] [bbotk]   1.6437576  3.6230108         -6.145222  0.3278097        0      0
INFO  [19:19:13.923] [bbotk]   4.4562931  2.2180314         -4.249012  0.3295135        0      0
INFO  [19:19:13.923] [bbotk]   3.1480391 -2.1455298         -5.225641  0.3384960        0      0
INFO  [19:19:13.923] [bbotk]   1.2988359 -2.2388200         -3.255133  0.4454423        0      0
INFO  [19:19:13.923] [bbotk]  -5.2938654  1.2762431         -6.397035  0.3357744        0      0
INFO  [19:19:13.923] [bbotk]   5.0822037  0.7131525         -3.696617  0.3384812        0      0
INFO  [19:19:13.923] [bbotk]  -4.9051309 -5.9554652         -5.372563  0.3263877        0      0
INFO  [19:19:13.923] [bbotk]  -4.7714906  1.7373195         -3.086061  0.3270125        0      0
INFO  [19:19:13.923] [bbotk]   3.7746393 -3.1825146         -3.971776  0.3327469        0      0
INFO  [19:19:13.923] [bbotk]  -5.6182178 -2.8074480         -3.222840  0.3510641        0      0
INFO  [19:19:13.923] [bbotk]   1.2675658 -1.6606838         -6.617983  0.3262635        0      0
INFO  [19:19:13.923] [bbotk]  -5.0177611  0.9493246         -6.140392  0.3297805        0      0
INFO  [19:19:13.923] [bbotk]   2.1725445 -4.3967251         -6.506020  0.3244744        0      0
INFO  [19:19:13.923] [bbotk]  -5.2626233  5.1797251         -4.612470  0.3330991        0      0
INFO  [19:19:13.923] [bbotk]  -3.9103762  2.2173547         -3.067729  0.3290964        0      0
INFO  [19:19:13.923] [bbotk]   5.9893658 -1.9363176         -4.026562  0.3462994        0      0
INFO  [19:19:13.923] [bbotk]  -1.5495887  1.4602201         -6.794699  0.3269792        0      0
INFO  [19:19:13.923] [bbotk]  -4.9774280  6.1905545         -6.415193  0.4454423        0      0
INFO  [19:19:13.923] [bbotk]  -6.2915797 -5.3109301         -3.463341  0.3343691        0      0
INFO  [19:19:13.923] [bbotk]   3.5553263  5.2238442         -3.785889  0.3422948        0      0
INFO  [19:19:13.923] [bbotk]  -0.9199025 -6.8758223         -2.701009  0.3293189        0      0
INFO  [19:19:13.923] [bbotk]  -5.6184702  5.8175817         -3.246843  0.3287738        0      0
INFO  [19:19:13.923] [bbotk]  -5.7798663 -2.6960197         -2.798241  0.3320386        0      0
INFO  [19:19:13.923] [bbotk]   0.9762896  0.2186456         -5.228159  0.3382532        0      0
INFO  [19:19:13.923] [bbotk]  -5.1603836  4.0408452         -4.109122  0.3344618        0      0
INFO  [19:19:13.923] [bbotk]   5.7653958  4.3179601         -4.616553  0.3476713        0      0
INFO  [19:19:13.923] [bbotk]   0.2974802  1.1505482         -6.013885  0.3305054        0      0
INFO  [19:19:13.923] [bbotk]  -3.1334241  0.2822385         -5.710992  0.3358523        0      0
INFO  [19:19:13.923] [bbotk]   6.6485687 -3.2903020         -5.431058  0.3398123        0      0
INFO  [19:19:13.923] [bbotk]   3.7850692 -5.3382553         -3.825033  0.3404371        0      0
INFO  [19:19:13.923] [bbotk]  -1.4230567  5.7412031         -5.506137  0.3312210        0      0
INFO  [19:19:13.923] [bbotk]   4.9144269  2.7843895         -2.857498  0.3344803        0      0
INFO  [19:19:13.923] [bbotk]  -4.4556799  1.6373694         -3.367848  0.3359950        0      0
INFO  [19:19:13.923] [bbotk]   2.7142054  2.0562930         -2.850300  0.3394119        0      0
INFO  [19:19:13.923] [bbotk]   5.4017791  3.5140647         -6.020378  0.3353276        0      0
INFO  [19:19:13.923] [bbotk]  -3.2212784  5.9620676         -5.979887  0.3273500        0      0
INFO  [19:19:13.923] [bbotk]  -5.4794216  6.7737574         -5.262172  0.3290834        0      0
INFO  [19:19:13.923] [bbotk]   1.8164875 -1.6463603         -4.563866  0.3300697        0      0
INFO  [19:19:13.923] [bbotk]   0.6087966 -1.9496032         -5.431150  0.3256517        0      0
INFO  [19:19:13.923] [bbotk]   6.5063962 -6.1489870         -6.552792  0.4454423        0      0
INFO  [19:19:13.923] [bbotk]   1.6799686 -3.3038758         -2.697281  0.3300419        0      0
INFO  [19:19:13.923] [bbotk]   5.4040635  4.6073072         -2.854667  0.3356020        0      0
INFO  [19:19:13.923] [bbotk]   5.0109570 -4.1976670         -6.242188  0.3314361        0      0
INFO  [19:19:13.923] [bbotk]   6.8609653 -2.5675030         -6.584161  0.3455634        0      0
INFO  [19:19:13.923] [bbotk]   6.8779894  2.7774087         -2.907366  0.4454423        0      0
INFO  [19:19:13.923] [bbotk]  -1.8491403 -6.2114663         -6.034585  0.3401961        0      0
INFO  [19:19:13.923] [bbotk]   3.7863747  5.0636561         -6.394489  0.3335163        0      0
INFO  [19:19:13.923] [bbotk]  -4.7612899 -4.3093726         -2.632434  0.3395380        0      0
INFO  [19:19:13.923] [bbotk]  -4.1976215  3.6545197         -2.433262  0.3315548        0      0
INFO  [19:19:13.923] [bbotk]  -0.6306377 -3.9538539         -2.328298  0.4454423        0      0
INFO  [19:19:13.923] [bbotk]   5.9165790 -1.3215122         -4.506383  0.3420315        0      0
INFO  [19:19:13.923] [bbotk]   0.2374801  6.0259396         -2.863047  0.3427880        0      0
INFO  [19:19:13.923] [bbotk]   2.3913284 -1.6284589         -3.813184  0.3248100        0      0
INFO  [19:19:13.923] [bbotk]  -5.0323711 -4.3036931         -5.717958  0.3311914        0      0
INFO  [19:19:13.923] [bbotk]   0.4222272 -5.8381488         -3.955925  0.3322537        0      0
INFO  [19:19:13.923] [bbotk]  -4.4721086 -6.5931290         -4.338539  0.3396659        0      0
INFO  [19:19:13.923] [bbotk]  -2.0068007  3.7720200         -5.264687  0.3299344        0      0
INFO  [19:19:13.923] [bbotk]   3.5082330 -0.1027367         -3.953604  0.4454423        0      0
INFO  [19:19:13.923] [bbotk]  -4.4811377 -0.1464957         -6.295254  0.3300660        0      0
INFO  [19:19:13.923] [bbotk]  -5.4582813  2.8978863         -3.522674  0.3274148        0      0
INFO  [19:19:13.923] [bbotk]  -2.9369610  1.1535047         -3.305052  0.3323038        0      0
INFO  [19:19:13.923] [bbotk]  -1.5750890  1.9122231         -2.838136  0.3280155        0      0
INFO  [19:19:13.923] [bbotk]  -4.6271302 -0.8322749         -6.692335  0.3287738        0      0
INFO  [19:19:13.923] [bbotk]   0.5550339 -0.9649101         -4.647198  0.3338203        0      0
INFO  [19:19:13.923] [bbotk]  -1.3763217  3.5818439         -4.974823  0.3262617        0      0
INFO  [19:19:13.923] [bbotk]   3.9115352  5.6413206         -2.575555  0.3412232        0      0
INFO  [19:19:13.923] [bbotk]   6.1185212  3.5232629         -2.810254  0.3390263        0      0
INFO  [19:19:13.923] [bbotk]  -0.1929855 -2.7036407         -4.880448  0.3290853        0      0
INFO  [19:19:13.923] [bbotk]  -3.1565572  5.1016461         -4.063016  0.3279803        0      0
INFO  [19:19:13.923] [bbotk]   0.4054026 -3.3540646         -6.659382  0.3318607        0      0
INFO  [19:19:13.923] [bbotk]   3.6066802 -1.6879651         -6.208686  0.3272053        0      0
INFO  [19:19:13.923] [bbotk]  -1.2147530  5.8390413         -5.557737  0.4454423        0      0
INFO  [19:19:13.923] [bbotk]  -2.9544850  6.8965654         -3.983778  0.3302681        0      0
INFO  [19:19:13.923] [bbotk]  -4.4150259 -4.5418825         -3.902236  0.3275224        0      0
INFO  [19:19:13.923] [bbotk]  -0.7580162  2.5686898         -2.521725  0.3505487        0      0
INFO  [19:19:13.923] [bbotk]  -0.5297211 -1.8632544         -4.104506  0.3278820        0      0
INFO  [19:19:13.923] [bbotk]   1.9187001  2.3370033         -2.806776  0.3263507        0      0
INFO  [19:19:13.923] [bbotk]  -4.8016297 -4.6946925         -4.449147  0.3348826        0      0
INFO  [19:19:13.923] [bbotk]   0.7265974 -6.0260193         -6.209479  0.3352924        0      0
INFO  [19:19:13.923] [bbotk]   5.5304148 -5.2168431         -4.345491  0.3344692        0      0
INFO  [19:19:13.923] [bbotk]   1.5904900  1.0950496         -6.208537  0.4454423        0      0
INFO  [19:19:13.923] [bbotk]  -4.4752993 -4.6165580         -5.386132  0.3278672        0      0
INFO  [19:19:13.923] [bbotk]  -2.0813157  6.5588444         -2.626811  0.3311858        0      0
INFO  [19:19:13.923] [bbotk]   lambda_l1  lambda_l2 min_gain_to_split classif.ce warnings errors
INFO  [19:19:13.923] [bbotk]  runtime_learners internal_tuned_values
INFO  [19:19:13.923] [bbotk]           610.338   num_iterations=1052
INFO  [19:19:13.923] [bbotk]            39.075      num_iterations=1
INFO  [19:19:13.923] [bbotk]           102.763    num_iterations=207
INFO  [19:19:13.923] [bbotk]           284.207    num_iterations=715
INFO  [19:19:13.923] [bbotk]           350.531    num_iterations=568
INFO  [19:19:13.923] [bbotk]           827.517   num_iterations=1503
INFO  [19:19:13.923] [bbotk]            47.272     num_iterations=60
INFO  [19:19:13.923] [bbotk]           121.613    num_iterations=178
INFO  [19:19:13.923] [bbotk]           300.228    num_iterations=533
INFO  [19:19:13.923] [bbotk]           301.288    num_iterations=823
INFO  [19:19:13.923] [bbotk]           740.371   num_iterations=1192
INFO  [19:19:13.923] [bbotk]            51.385      num_iterations=1
INFO  [19:19:13.923] [bbotk]            38.190      num_iterations=1
INFO  [19:19:13.923] [bbotk]           109.623    num_iterations=150
INFO  [19:19:13.923] [bbotk]           127.680    num_iterations=254
INFO  [19:19:13.923] [bbotk]            56.367      num_iterations=1
INFO  [19:19:13.923] [bbotk]            85.756    num_iterations=202
INFO  [19:19:13.923] [bbotk]           212.509    num_iterations=374
INFO  [19:19:13.923] [bbotk]           337.610    num_iterations=481
INFO  [19:19:13.923] [bbotk]           115.128    num_iterations=463
INFO  [19:19:13.923] [bbotk]            41.431      num_iterations=1
INFO  [19:19:13.923] [bbotk]          1054.653   num_iterations=1751
INFO  [19:19:13.923] [bbotk]           151.255    num_iterations=471
INFO  [19:19:13.923] [bbotk]           179.479    num_iterations=430
INFO  [19:19:13.923] [bbotk]            81.070    num_iterations=101
INFO  [19:19:13.923] [bbotk]           482.434    num_iterations=886
INFO  [19:19:13.923] [bbotk]           551.824   num_iterations=1510
INFO  [19:19:13.923] [bbotk]           818.650    num_iterations=987
INFO  [19:19:13.923] [bbotk]            54.470     num_iterations=34
INFO  [19:19:13.923] [bbotk]           140.347    num_iterations=218
INFO  [19:19:13.923] [bbotk]           370.110   num_iterations=1119
INFO  [19:19:13.923] [bbotk]           542.292    num_iterations=853
INFO  [19:19:13.923] [bbotk]            39.446    num_iterations=145
INFO  [19:19:13.923] [bbotk]           808.455   num_iterations=1129
INFO  [19:19:13.923] [bbotk]            48.295      num_iterations=1
INFO  [19:19:13.923] [bbotk]           580.237   num_iterations=1551
INFO  [19:19:13.923] [bbotk]           233.537    num_iterations=786
INFO  [19:19:13.923] [bbotk]           100.849    num_iterations=188
INFO  [19:19:13.923] [bbotk]           228.171    num_iterations=440
INFO  [19:19:13.923] [bbotk]          1281.149   num_iterations=1762
INFO  [19:19:13.923] [bbotk]          1350.332   num_iterations=2034
INFO  [19:19:13.923] [bbotk]          1758.911   num_iterations=2092
INFO  [19:19:13.923] [bbotk]           153.077    num_iterations=655
INFO  [19:19:13.923] [bbotk]          1264.132   num_iterations=1643
INFO  [19:19:13.923] [bbotk]          1809.505   num_iterations=2480
INFO  [19:19:13.923] [bbotk]           132.445    num_iterations=321
INFO  [19:19:13.923] [bbotk]           911.319   num_iterations=1881
INFO  [19:19:13.923] [bbotk]            76.825    num_iterations=216
INFO  [19:19:13.923] [bbotk]           616.405   num_iterations=1137
INFO  [19:19:13.923] [bbotk]          1493.688   num_iterations=2046
INFO  [19:19:13.923] [bbotk]           453.465   num_iterations=1503
INFO  [19:19:13.923] [bbotk]            44.668     num_iterations=68
INFO  [19:19:13.923] [bbotk]           121.994    num_iterations=105
INFO  [19:19:13.923] [bbotk]            96.137     num_iterations=56
INFO  [19:19:13.923] [bbotk]           108.045    num_iterations=244
INFO  [19:19:13.923] [bbotk]            97.944    num_iterations=202
INFO  [19:19:13.923] [bbotk]            21.746      num_iterations=1
INFO  [19:19:13.923] [bbotk]           384.132    num_iterations=624
INFO  [19:19:13.923] [bbotk]           346.621    num_iterations=692
INFO  [19:19:13.923] [bbotk]           621.495    num_iterations=934
INFO  [19:19:13.923] [bbotk]            73.578    num_iterations=318
INFO  [19:19:13.923] [bbotk]            29.469      num_iterations=1
INFO  [19:19:13.923] [bbotk]           270.340    num_iterations=973
INFO  [19:19:13.923] [bbotk]            78.755    num_iterations=164
INFO  [19:19:13.923] [bbotk]           585.401   num_iterations=1604
INFO  [19:19:13.923] [bbotk]           238.932    num_iterations=552
INFO  [19:19:13.923] [bbotk]            43.002      num_iterations=1
INFO  [19:19:13.923] [bbotk]            43.082    num_iterations=152
INFO  [19:19:13.923] [bbotk]           400.948   num_iterations=1136
INFO  [19:19:13.923] [bbotk]           121.828    num_iterations=165
INFO  [19:19:13.923] [bbotk]          1291.546   num_iterations=1529
INFO  [19:19:13.923] [bbotk]           807.955   num_iterations=1338
INFO  [19:19:13.923] [bbotk]           622.961   num_iterations=1493
INFO  [19:19:13.923] [bbotk]          1188.931   num_iterations=1482
INFO  [19:19:13.923] [bbotk]            34.759      num_iterations=1
INFO  [19:19:13.923] [bbotk]           733.889   num_iterations=1375
INFO  [19:19:13.923] [bbotk]           259.969    num_iterations=406
INFO  [19:19:13.923] [bbotk]            92.810    num_iterations=107
INFO  [19:19:13.923] [bbotk]           165.271    num_iterations=299
INFO  [19:19:13.923] [bbotk]            92.566    num_iterations=259
INFO  [19:19:13.923] [bbotk]            87.218     num_iterations=98
INFO  [19:19:13.923] [bbotk]            85.574    num_iterations=176
INFO  [19:19:13.923] [bbotk]           740.470   num_iterations=1605
INFO  [19:19:13.923] [bbotk]            83.099    num_iterations=191
INFO  [19:19:13.923] [bbotk]           764.919    num_iterations=940
INFO  [19:19:13.923] [bbotk]           727.827    num_iterations=762
INFO  [19:19:13.923] [bbotk]           121.824    num_iterations=261
INFO  [19:19:13.923] [bbotk]           300.480    num_iterations=384
INFO  [19:19:13.923] [bbotk]            31.958      num_iterations=1
INFO  [19:19:13.923] [bbotk]           117.057    num_iterations=172
INFO  [19:19:13.923] [bbotk]           255.596    num_iterations=427
INFO  [19:19:13.923] [bbotk]           455.598   num_iterations=1242
INFO  [19:19:13.923] [bbotk]           458.959    num_iterations=582
INFO  [19:19:13.923] [bbotk]           212.404    num_iterations=377
INFO  [19:19:13.923] [bbotk]            59.101    num_iterations=134
INFO  [19:19:13.923] [bbotk]           123.430    num_iterations=317
INFO  [19:19:13.923] [bbotk]           205.917    num_iterations=408
INFO  [19:19:13.923] [bbotk]            54.503      num_iterations=1
INFO  [19:19:13.923] [bbotk]           266.218    num_iterations=333
INFO  [19:19:13.923] [bbotk]           125.431    num_iterations=349
INFO  [19:19:13.923] [bbotk]  runtime_learners internal_tuned_values
INFO  [19:19:14.001] [bbotk] Finished optimizing after 100 evaluation(s)
INFO  [19:19:14.003] [bbotk] Result:
INFO  [19:19:14.006] [bbotk]  learning_rate num_leaves min_data_in_leaf feature_fraction extra_trees
INFO  [19:19:14.006] [bbotk]          <num>      <int>            <int>            <num>      <lgcl>
INFO  [19:19:14.006] [bbotk]      -1.680472        122              147        0.3887057       FALSE
INFO  [19:19:14.006] [bbotk]  lambda_l1 lambda_l2 min_gain_to_split internal_tuned_values learner_param_vals
INFO  [19:19:14.006] [bbotk]      <num>     <num>             <num>                <list>             <list>
INFO  [19:19:14.006] [bbotk]   2.172545 -4.396725          -6.50602    num_iterations=218         <list[12]>
INFO  [19:19:14.006] [bbotk]   x_domain classif.ce
INFO  [19:19:14.006] [bbotk]     <list>      <num>
INFO  [19:19:14.006] [bbotk]  <list[8]>  0.3244744
